Sep 26 23:30:51 ggsd kernel: [    5.387272] br-350da7917695: port 1(veth353f9ca) entered blocking state
Sep 26 23:30:51 ggsd kernel: [    5.387280] br-350da7917695: port 1(veth353f9ca) entered disabled state
Sep 26 23:30:51 ggsd kernel: [    5.387423] device veth353f9ca entered promiscuous mode
Sep 26 23:30:51 ggsd kernel: [    5.387527] br-350da7917695: port 1(veth353f9ca) entered blocking state
Sep 26 23:30:51 ggsd kernel: [    5.387529] br-350da7917695: port 1(veth353f9ca) entered forwarding state
Sep 26 23:30:51 ggsd kernel: [    5.387591] br-350da7917695: port 1(veth353f9ca) entered disabled state
Sep 26 23:30:52 ggsd kernel: [    5.744716] eth0: renamed from veth2135c41
Sep 26 23:30:52 ggsd kernel: [    5.794620] IPv6: ADDRCONF(NETDEV_CHANGE): veth353f9ca: link becomes ready
Sep 26 23:30:52 ggsd kernel: [    5.794646] br-350da7917695: port 1(veth353f9ca) entered blocking state
Sep 26 23:30:52 ggsd kernel: [    5.794650] br-350da7917695: port 1(veth353f9ca) entered forwarding state
Sep 26 23:30:52 ggsd kernel: [    5.794708] IPv6: ADDRCONF(NETDEV_CHANGE): br-350da7917695: link becomes ready
Sep 26 23:31:35 ggsd kernel: [   49.138104] hv_balloon: Max. dynamic memory size: 7778 MB
Sep 28 08:58:30 ggsd kernel: [    0.000000] Linux version 5.15.90.1-microsoft-standard-WSL2 (oe-user@oe-host) (x86_64-msft-linux-gcc (GCC) 9.3.0, GNU ld (GNU Binutils) 2.34.0.20200220) #1 SMP Fri Jan 27 02:56:13 UTC 2023
Sep 28 08:58:30 ggsd kernel: [    0.000000] Command line: initrd=\initrd.img WSL_ROOT_INIT=1 panic=-1 nr_cpus=16 bonding.max_bonds=0 dummy.numdummies=0 fb_tunnels=none swiotlb=force console=hvc0 debug pty.legacy_count=0
Sep 28 08:58:30 ggsd kernel: [    0.000000] KERNEL supported cpus:
Sep 28 08:58:30 ggsd kernel: [    0.000000]   Intel GenuineIntel
Sep 28 08:58:30 ggsd kernel: [    0.000000]   AMD AuthenticAMD
Sep 28 08:58:30 ggsd kernel: [    0.000000]   Centaur CentaurHauls
Sep 28 08:58:30 ggsd kernel: [    0.000000] x86/fpu: Supporting XSAVE feature 0x001: 'x87 floating point registers'
Sep 28 08:58:30 ggsd kernel: [    0.000000] x86/fpu: Supporting XSAVE feature 0x002: 'SSE registers'
Sep 28 08:58:30 ggsd kernel: [    0.000000] x86/fpu: Supporting XSAVE feature 0x004: 'AVX registers'
Sep 28 08:58:30 ggsd kernel: [    0.000000] x86/fpu: xstate_offset[2]:  576, xstate_sizes[2]:  256
Sep 28 08:58:30 ggsd kernel: [    0.000000] x86/fpu: Enabled xstate features 0x7, context size is 832 bytes, using 'compacted' format.
Sep 28 08:58:30 ggsd kernel: [    0.000000] signal: max sigframe size: 1776
Sep 28 08:58:30 ggsd kernel: [    0.000000] BIOS-provided physical RAM map:
Sep 28 08:58:30 ggsd kernel: [    0.000000] BIOS-e820: [mem 0x0000000000000000-0x000000000009ffff] usable
Sep 28 08:58:30 ggsd kernel: [    0.000000] BIOS-e820: [mem 0x00000000000e0000-0x00000000000e0fff] reserved
Sep 28 08:58:30 ggsd kernel: [    0.000000] BIOS-e820: [mem 0x0000000000100000-0x00000000001fffff] ACPI data
Sep 28 08:58:30 ggsd kernel: [    0.000000] BIOS-e820: [mem 0x0000000000200000-0x00000000f7ffffff] usable
Sep 28 08:58:30 ggsd kernel: [    0.000000] BIOS-e820: [mem 0x0000000100000000-0x00000001ee1fffff] usable
Sep 28 08:58:30 ggsd kernel: [    0.000000] NX (Execute Disable) protection: active
Sep 28 08:58:30 ggsd kernel: [    0.000000] DMI not present or invalid.
Sep 28 08:58:30 ggsd kernel: [    0.000000] Hypervisor detected: Microsoft Hyper-V
Sep 28 08:58:30 ggsd kernel: [    0.000000] Hyper-V: privilege flags low 0xae7f, high 0x3b8030, hints 0xc2c, misc 0xe0bed7b6
Sep 28 08:58:30 ggsd kernel: [    0.000000] Hyper-V Host Build:22621-10.0-2-0.2283
Sep 28 08:58:30 ggsd kernel: [    0.000000] Hyper-V: Nested features: 0x4a0000
Sep 28 08:58:30 ggsd kernel: [    0.000000] Hyper-V: LAPIC Timer Frequency: 0x1e8480
Sep 28 08:58:30 ggsd kernel: [    0.000000] Hyper-V: Using hypercall for remote TLB flush
Sep 28 08:58:30 ggsd kernel: [    0.000000] clocksource: hyperv_clocksource_tsc_page: mask: 0xffffffffffffffff max_cycles: 0x24e6a1710, max_idle_ns: 440795202120 ns
Sep 28 08:58:30 ggsd kernel: [    0.000003] tsc: Detected 3193.908 MHz processor
Sep 28 08:58:30 ggsd kernel: [    0.000012] e820: update [mem 0x00000000-0x00000fff] usable ==> reserved
Sep 28 08:58:30 ggsd kernel: [    0.000014] e820: remove [mem 0x000a0000-0x000fffff] usable
Sep 28 08:58:30 ggsd kernel: [    0.000016] last_pfn = 0x1ee200 max_arch_pfn = 0x400000000
Sep 28 08:58:30 ggsd kernel: [    0.000052] x86/PAT: Configuration [0-7]: WB  WC  UC- UC  WB  WP  UC- WT  
Sep 28 08:58:30 ggsd kernel: [    0.000065] last_pfn = 0xf8000 max_arch_pfn = 0x400000000
Sep 28 08:58:30 ggsd kernel: [    0.000075] Using GB pages for direct mapping
Sep 28 08:58:30 ggsd kernel: [    0.000343] RAMDISK: [mem 0x03a35000-0x03c18fff]
Sep 28 08:58:30 ggsd kernel: [    0.000346] ACPI: Early table checksum verification disabled
Sep 28 08:58:30 ggsd kernel: [    0.000353] ACPI: RSDP 0x00000000000E0000 000024 (v02 VRTUAL)
Sep 28 08:58:30 ggsd kernel: [    0.000356] ACPI: XSDT 0x0000000000100000 000044 (v01 VRTUAL MICROSFT 00000001 MSFT 00000001)
Sep 28 08:58:30 ggsd kernel: [    0.000361] ACPI: FACP 0x0000000000101000 000114 (v06 VRTUAL MICROSFT 00000001 MSFT 00000001)
Sep 28 08:58:30 ggsd kernel: [    0.000365] ACPI: DSDT 0x00000000001011B8 01E191 (v02 MSFTVM DSDT01   00000001 MSFT 05000000)
Sep 28 08:58:30 ggsd kernel: [    0.000367] ACPI: FACS 0x0000000000101114 000040
Sep 28 08:58:30 ggsd kernel: [    0.000368] ACPI: OEM0 0x0000000000101154 000064 (v01 VRTUAL MICROSFT 00000001 MSFT 00000001)
Sep 28 08:58:30 ggsd kernel: [    0.000370] ACPI: SRAT 0x000000000011F349 0003B0 (v02 VRTUAL MICROSFT 00000001 MSFT 00000001)
Sep 28 08:58:30 ggsd kernel: [    0.000372] ACPI: APIC 0x000000000011F6F9 0000C8 (v04 VRTUAL MICROSFT 00000001 MSFT 00000001)
Sep 28 08:58:30 ggsd kernel: [    0.000374] ACPI: Reserving FACP table memory at [mem 0x101000-0x101113]
Sep 28 08:58:30 ggsd kernel: [    0.000375] ACPI: Reserving DSDT table memory at [mem 0x1011b8-0x11f348]
Sep 28 08:58:30 ggsd kernel: [    0.000375] ACPI: Reserving FACS table memory at [mem 0x101114-0x101153]
Sep 28 08:58:30 ggsd kernel: [    0.000376] ACPI: Reserving OEM0 table memory at [mem 0x101154-0x1011b7]
Sep 28 08:58:30 ggsd kernel: [    0.000377] ACPI: Reserving SRAT table memory at [mem 0x11f349-0x11f6f8]
Sep 28 08:58:30 ggsd kernel: [    0.000377] ACPI: Reserving APIC table memory at [mem 0x11f6f9-0x11f7c0]
Sep 28 08:58:30 ggsd kernel: [    0.000532] Zone ranges:
Sep 28 08:58:30 ggsd kernel: [    0.000534]   DMA      [mem 0x0000000000001000-0x0000000000ffffff]
Sep 28 08:58:30 ggsd kernel: [    0.000536]   DMA32    [mem 0x0000000001000000-0x00000000ffffffff]
Sep 28 08:58:30 ggsd kernel: [    0.000537]   Normal   [mem 0x0000000100000000-0x00000001ee1fffff]
Sep 28 08:58:30 ggsd kernel: [    0.000538]   Device   empty
Sep 28 08:58:30 ggsd kernel: [    0.000539] Movable zone start for each node
Sep 28 08:58:30 ggsd kernel: [    0.000539] Early memory node ranges
Sep 28 08:58:30 ggsd kernel: [    0.000540]   node   0: [mem 0x0000000000001000-0x000000000009ffff]
Sep 28 08:58:30 ggsd kernel: [    0.000541]   node   0: [mem 0x0000000000200000-0x00000000f7ffffff]
Sep 28 08:58:30 ggsd kernel: [    0.000542]   node   0: [mem 0x0000000100000000-0x00000001ee1fffff]
Sep 28 08:58:30 ggsd kernel: [    0.000543] Initmem setup node 0 [mem 0x0000000000001000-0x00000001ee1fffff]
Sep 28 08:58:30 ggsd kernel: [    0.000700] On node 0, zone DMA: 1 pages in unavailable ranges
Sep 28 08:58:30 ggsd kernel: [    0.000729] On node 0, zone DMA: 352 pages in unavailable ranges
Sep 28 08:58:30 ggsd kernel: [    0.011532] On node 0, zone Normal: 7680 pages in unavailable ranges
Sep 28 08:58:30 ggsd kernel: [    0.011592] ACPI: LAPIC_NMI (acpi_id[0x01] dfl dfl lint[0x1])
Sep 28 08:58:30 ggsd kernel: [    0.011837] IOAPIC[0]: apic_id 16, version 17, address 0xfec00000, GSI 0-23
Sep 28 08:58:30 ggsd kernel: [    0.011841] ACPI: INT_SRC_OVR (bus 0 bus_irq 9 global_irq 9 high level)
Sep 28 08:58:30 ggsd kernel: [    0.011845] ACPI: Using ACPI (MADT) for SMP configuration information
Sep 28 08:58:30 ggsd kernel: [    0.011852] smpboot: Allowing 16 CPUs, 0 hotplug CPUs
Sep 28 08:58:30 ggsd kernel: [    0.011863] [mem 0xf8000000-0xffffffff] available for PCI devices
Sep 28 08:58:30 ggsd kernel: [    0.011864] Booting paravirtualized kernel on Hyper-V
Sep 28 08:58:30 ggsd kernel: [    0.011866] clocksource: refined-jiffies: mask: 0xffffffff max_cycles: 0xffffffff, max_idle_ns: 19112604462750000 ns
Sep 28 08:58:30 ggsd kernel: [    0.015483] setup_percpu: NR_CPUS:256 nr_cpumask_bits:256 nr_cpu_ids:16 nr_node_ids:1
Sep 28 08:58:30 ggsd kernel: [    0.016103] percpu: Embedded 53 pages/cpu s177496 r8192 d31400 u262144
Sep 28 08:58:30 ggsd kernel: [    0.016107] pcpu-alloc: s177496 r8192 d31400 u262144 alloc=1*2097152
Sep 28 08:58:30 ggsd kernel: [    0.016109] pcpu-alloc: [0] 00 01 02 03 04 05 06 07 [0] 08 09 10 11 12 13 14 15 
Sep 28 08:58:30 ggsd kernel: [    0.016123] Hyper-V: PV spinlocks enabled
Sep 28 08:58:30 ggsd kernel: [    0.016125] PV qspinlock hash table entries: 256 (order: 0, 4096 bytes, linear)
Sep 28 08:58:30 ggsd kernel: [    0.016129] Built 1 zonelists, mobility grouping on.  Total pages: 1959037
Sep 28 08:58:30 ggsd kernel: [    0.016131] Kernel command line: initrd=\initrd.img WSL_ROOT_INIT=1 panic=-1 nr_cpus=16 bonding.max_bonds=0 dummy.numdummies=0 fb_tunnels=none swiotlb=force console=hvc0 debug pty.legacy_count=0
Sep 28 08:58:30 ggsd kernel: [    0.016215] Unknown kernel command line parameters "WSL_ROOT_INIT=1", will be passed to user space.
Sep 28 08:58:30 ggsd kernel: [    0.017273] Dentry cache hash table entries: 1048576 (order: 11, 8388608 bytes, linear)
Sep 28 08:58:30 ggsd kernel: [    0.017846] Inode-cache hash table entries: 524288 (order: 10, 4194304 bytes, linear)
Sep 28 08:58:30 ggsd kernel: [    0.017903] mem auto-init: stack:off, heap alloc:off, heap free:off
Sep 28 08:58:30 ggsd kernel: [    0.040141] Memory: 4081468K/7963260K available (18452K kernel code, 2628K rwdata, 9776K rodata, 2008K init, 1892K bss, 252604K reserved, 0K cma-reserved)
Sep 28 08:58:30 ggsd kernel: [    0.040191] SLUB: HWalign=64, Order=0-3, MinObjects=0, CPUs=16, Nodes=1
Sep 28 08:58:30 ggsd kernel: [    0.040198] ftrace: allocating 54631 entries in 214 pages
Sep 28 08:58:30 ggsd kernel: [    0.058590] ftrace: allocated 214 pages with 5 groups
Sep 28 08:58:30 ggsd kernel: [    0.058823] rcu: Hierarchical RCU implementation.
Sep 28 08:58:30 ggsd kernel: [    0.058825] rcu: 	RCU restricting CPUs from NR_CPUS=256 to nr_cpu_ids=16.
Sep 28 08:58:30 ggsd kernel: [    0.058826] 	Rude variant of Tasks RCU enabled.
Sep 28 08:58:30 ggsd kernel: [    0.058827] 	Tracing variant of Tasks RCU enabled.
Sep 28 08:58:30 ggsd kernel: [    0.058828] rcu: RCU calculated value of scheduler-enlistment delay is 10 jiffies.
Sep 28 08:58:30 ggsd kernel: [    0.058828] rcu: Adjusting geometry for rcu_fanout_leaf=16, nr_cpu_ids=16
Sep 28 08:58:30 ggsd kernel: [    0.061604] Using NULL legacy PIC
Sep 28 08:58:30 ggsd kernel: [    0.061606] NR_IRQS: 16640, nr_irqs: 552, preallocated irqs: 0
Sep 28 08:58:30 ggsd kernel: [    0.061991] random: crng init done
Sep 28 08:58:30 ggsd kernel: [    0.062019] Console: colour dummy device 80x25
Sep 28 08:58:30 ggsd kernel: [    0.062030] ACPI: Core revision 20210730
Sep 28 08:58:30 ggsd kernel: [    0.062117] Failed to register legacy timer interrupt
Sep 28 08:58:30 ggsd kernel: [    0.062118] APIC: Switch to symmetric I/O mode setup
Sep 28 08:58:30 ggsd kernel: [    0.062119] Switched APIC routing to physical flat.
Sep 28 08:58:30 ggsd kernel: [    0.062138] Hyper-V: Using IPI hypercalls
Sep 28 08:58:30 ggsd kernel: [    0.062139] Hyper-V: Using enlightened APIC (xapic mode)
Sep 28 08:58:30 ggsd kernel: [    0.062231] clocksource: tsc-early: mask: 0xffffffffffffffff max_cycles: 0x2e09cf6d284, max_idle_ns: 440795338034 ns
Sep 28 08:58:30 ggsd kernel: [    0.062238] Calibrating delay loop (skipped), value calculated using timer frequency.. 6387.81 BogoMIPS (lpj=31939080)
Sep 28 08:58:30 ggsd kernel: [    0.062239] pid_max: default: 32768 minimum: 301
Sep 28 08:58:30 ggsd kernel: [    0.062254] LSM: Security Framework initializing
Sep 28 08:58:30 ggsd kernel: [    0.062259] landlock: Up and running.
Sep 28 08:58:30 ggsd kernel: [    0.062279] Mount-cache hash table entries: 16384 (order: 5, 131072 bytes, linear)
Sep 28 08:58:30 ggsd kernel: [    0.062288] Mountpoint-cache hash table entries: 16384 (order: 5, 131072 bytes, linear)
Sep 28 08:58:30 ggsd kernel: [    0.062477] x86/cpu: User Mode Instruction Prevention (UMIP) activated
Sep 28 08:58:30 ggsd kernel: [    0.062481] Last level iTLB entries: 4KB 512, 2MB 512, 4MB 256
Sep 28 08:58:30 ggsd kernel: [    0.062482] Last level dTLB entries: 4KB 2048, 2MB 2048, 4MB 1024, 1GB 0
Sep 28 08:58:30 ggsd kernel: [    0.062485] Spectre V1 : Mitigation: usercopy/swapgs barriers and __user pointer sanitization
Sep 28 08:58:30 ggsd kernel: [    0.062487] Spectre V2 : Mitigation: Retpolines
Sep 28 08:58:30 ggsd kernel: [    0.062487] Spectre V2 : Spectre v2 / SpectreRSB mitigation: Filling RSB on context switch
Sep 28 08:58:30 ggsd kernel: [    0.062488] Spectre V2 : Spectre v2 / SpectreRSB : Filling RSB on VMEXIT
Sep 28 08:58:30 ggsd kernel: [    0.062488] Spectre V2 : Enabling Restricted Speculation for firmware calls
Sep 28 08:58:30 ggsd kernel: [    0.062489] Spectre V2 : mitigation: Enabling conditional Indirect Branch Prediction Barrier
Sep 28 08:58:30 ggsd kernel: [    0.062490] Spectre V2 : User space: Mitigation: STIBP via seccomp and prctl
Sep 28 08:58:30 ggsd kernel: [    0.062491] Speculative Store Bypass: Mitigation: Speculative Store Bypass disabled via prctl and seccomp
Sep 28 08:58:30 ggsd kernel: [    0.072234] Freeing SMP alternatives memory: 60K
Sep 28 08:58:30 ggsd kernel: [    0.072234] smpboot: CPU0: AMD Ryzen 7 6800H with Radeon Graphics (family: 0x19, model: 0x44, stepping: 0x1)
Sep 28 08:58:30 ggsd kernel: [    0.072234] Performance Events: Fam17h+ core perfctr, AMD PMU driver.
Sep 28 08:58:30 ggsd kernel: [    0.072234] ... version:                0
Sep 28 08:58:30 ggsd kernel: [    0.072234] ... bit width:              48
Sep 28 08:58:30 ggsd kernel: [    0.072234] ... generic registers:      6
Sep 28 08:58:30 ggsd kernel: [    0.072234] ... value mask:             0000ffffffffffff
Sep 28 08:58:30 ggsd kernel: [    0.072234] ... max period:             00007fffffffffff
Sep 28 08:58:30 ggsd kernel: [    0.072234] ... fixed-purpose events:   0
Sep 28 08:58:30 ggsd kernel: [    0.072234] ... event mask:             000000000000003f
Sep 28 08:58:30 ggsd kernel: [    0.072234] rcu: Hierarchical SRCU implementation.
Sep 28 08:58:30 ggsd kernel: [    0.072234] smp: Bringing up secondary CPUs ...
Sep 28 08:58:30 ggsd kernel: [    0.072234] x86: Booting SMP configuration:
Sep 28 08:58:30 ggsd kernel: [    0.072234] .... node  #0, CPUs:        #1  #2  #3  #4  #5  #6  #7  #8  #9 #10 #11 #12 #13 #14 #15
Sep 28 08:58:30 ggsd kernel: [    0.072234] smp: Brought up 1 node, 16 CPUs
Sep 28 08:58:30 ggsd kernel: [    0.072234] smpboot: Max logical packages: 1
Sep 28 08:58:30 ggsd kernel: [    0.072234] smpboot: Total of 16 processors activated (102205.05 BogoMIPS)
Sep 28 08:58:30 ggsd kernel: [    0.074926] node 0 deferred pages initialised in 0ms
Sep 28 08:58:30 ggsd kernel: [    0.075188] devtmpfs: initialized
Sep 28 08:58:30 ggsd kernel: [    0.075188] x86/mm: Memory block size: 128MB
Sep 28 08:58:30 ggsd kernel: [    0.075188] clocksource: jiffies: mask: 0xffffffff max_cycles: 0xffffffff, max_idle_ns: 19112604462750000 ns
Sep 28 08:58:30 ggsd kernel: [    0.075188] futex hash table entries: 4096 (order: 6, 262144 bytes, linear)
Sep 28 08:58:30 ggsd kernel: [    0.075188] NET: Registered PF_NETLINK/PF_ROUTE protocol family
Sep 28 08:58:30 ggsd kernel: [    0.075188] thermal_sys: Registered thermal governor 'step_wise'
Sep 28 08:58:30 ggsd kernel: [    0.075188] cpuidle: using governor menu
Sep 28 08:58:30 ggsd kernel: [    0.075227] ACPI: bus type PCI registered
Sep 28 08:58:30 ggsd kernel: [    0.075227] PCI: Fatal: No config space access function found
Sep 28 08:58:30 ggsd kernel: [    0.075227] Kprobes globally optimized
Sep 28 08:58:30 ggsd kernel: [    0.075227] HugeTLB registered 1.00 GiB page size, pre-allocated 0 pages
Sep 28 08:58:30 ggsd kernel: [    0.075227] HugeTLB registered 2.00 MiB page size, pre-allocated 0 pages
Sep 28 08:58:30 ggsd kernel: [    0.075227] raid6: skip pq benchmark and using algorithm avx2x4
Sep 28 08:58:30 ggsd kernel: [    0.075227] raid6: using avx2x2 recovery algorithm
Sep 28 08:58:30 ggsd kernel: [    0.075227] ACPI: Added _OSI(Module Device)
Sep 28 08:58:30 ggsd kernel: [    0.075227] ACPI: Added _OSI(Processor Device)
Sep 28 08:58:30 ggsd kernel: [    0.075227] ACPI: Added _OSI(3.0 _SCP Extensions)
Sep 28 08:58:30 ggsd kernel: [    0.075227] ACPI: Added _OSI(Processor Aggregator Device)
Sep 28 08:58:30 ggsd kernel: [    0.075227] ACPI: Added _OSI(Linux-Dell-Video)
Sep 28 08:58:30 ggsd kernel: [    0.075227] ACPI: Added _OSI(Linux-Lenovo-NV-HDMI-Audio)
Sep 28 08:58:30 ggsd kernel: [    0.075227] ACPI: Added _OSI(Linux-HPI-Hybrid-Graphics)
Sep 28 08:58:30 ggsd kernel: [    0.085255] ACPI: 1 ACPI AML tables successfully acquired and loaded
Sep 28 08:58:30 ggsd kernel: [    0.085837] ACPI: Interpreter enabled
Sep 28 08:58:30 ggsd kernel: [    0.085839] ACPI: PM: (supports S0 S5)
Sep 28 08:58:30 ggsd kernel: [    0.085841] ACPI: Using IOAPIC for interrupt routing
Sep 28 08:58:30 ggsd kernel: [    0.085845] PCI: Using host bridge windows from ACPI; if necessary, use "pci=nocrs" and report a bug
Sep 28 08:58:30 ggsd kernel: [    0.085944] ACPI: Enabled 2 GPEs in block 00 to 0F
Sep 28 08:58:30 ggsd kernel: [    0.086781] iommu: Default domain type: Translated 
Sep 28 08:58:30 ggsd kernel: [    0.086783] iommu: DMA domain TLB invalidation policy: lazy mode 
Sep 28 08:58:30 ggsd kernel: [    0.086834] SCSI subsystem initialized
Sep 28 08:58:30 ggsd kernel: [    0.086840] ACPI: bus type USB registered
Sep 28 08:58:30 ggsd kernel: [    0.086847] usbcore: registered new interface driver usbfs
Sep 28 08:58:30 ggsd kernel: [    0.086850] usbcore: registered new interface driver hub
Sep 28 08:58:30 ggsd kernel: [    0.086855] usbcore: registered new device driver usb
Sep 28 08:58:30 ggsd kernel: [    0.086861] pps_core: LinuxPPS API ver. 1 registered
Sep 28 08:58:30 ggsd kernel: [    0.086862] pps_core: Software ver. 5.3.6 - Copyright 2005-2007 Rodolfo Giometti <giometti@linux.it>
Sep 28 08:58:30 ggsd kernel: [    0.086863] PTP clock support registered
Sep 28 08:58:30 ggsd kernel: [    0.086895] hv_vmbus: Vmbus version:5.3
Sep 28 08:58:30 ggsd kernel: [    0.086895] PCI: Using ACPI for IRQ routing
Sep 28 08:58:30 ggsd kernel: [    0.086895] PCI: System does not support PCI
Sep 28 08:58:30 ggsd kernel: [    0.086895] clocksource: Switched to clocksource tsc-early
Sep 28 08:58:30 ggsd kernel: [    0.086895] hv_vmbus: Unknown GUID: c376c1c3-d276-48d2-90a9-c04748072c60
Sep 28 08:58:30 ggsd kernel: [    0.086895] hv_vmbus: Unknown GUID: 6e382d18-3336-4f4b-acc4-2b7703d4df4a
Sep 28 08:58:30 ggsd kernel: [    0.086895] hv_vmbus: Unknown GUID: dde9cbc0-5060-4436-9448-ea1254a5d177
Sep 28 08:58:30 ggsd kernel: [    0.089728] VFS: Disk quotas dquot_6.6.0
Sep 28 08:58:30 ggsd kernel: [    0.089740] VFS: Dquot-cache hash table entries: 512 (order 0, 4096 bytes)
Sep 28 08:58:30 ggsd kernel: [    0.089754] FS-Cache: Loaded
Sep 28 08:58:30 ggsd kernel: [    0.089776] pnp: PnP ACPI init
Sep 28 08:58:30 ggsd kernel: [    0.089944] pnp: PnP ACPI: found 1 devices
Sep 28 08:58:30 ggsd kernel: [    0.092872] NET: Registered PF_INET protocol family
Sep 28 08:58:30 ggsd kernel: [    0.093178] IP idents hash table entries: 131072 (order: 8, 1048576 bytes, linear)
Sep 28 08:58:30 ggsd kernel: [    0.093635] tcp_listen_portaddr_hash hash table entries: 4096 (order: 4, 65536 bytes, linear)
Sep 28 08:58:30 ggsd kernel: [    0.093642] Table-perturb hash table entries: 65536 (order: 6, 262144 bytes, linear)
Sep 28 08:58:30 ggsd kernel: [    0.093644] TCP established hash table entries: 65536 (order: 7, 524288 bytes, linear)
Sep 28 08:58:30 ggsd kernel: [    0.093802] TCP bind hash table entries: 65536 (order: 8, 1048576 bytes, linear)
Sep 28 08:58:30 ggsd kernel: [    0.093887] TCP: Hash tables configured (established 65536 bind 65536)
Sep 28 08:58:30 ggsd kernel: [    0.093908] UDP hash table entries: 4096 (order: 5, 131072 bytes, linear)
Sep 28 08:58:30 ggsd kernel: [    0.093922] UDP-Lite hash table entries: 4096 (order: 5, 131072 bytes, linear)
Sep 28 08:58:30 ggsd kernel: [    0.093947] NET: Registered PF_UNIX/PF_LOCAL protocol family
Sep 28 08:58:30 ggsd kernel: [    0.094212] RPC: Registered named UNIX socket transport module.
Sep 28 08:58:30 ggsd kernel: [    0.094214] RPC: Registered udp transport module.
Sep 28 08:58:30 ggsd kernel: [    0.094214] RPC: Registered tcp transport module.
Sep 28 08:58:30 ggsd kernel: [    0.094215] RPC: Registered tcp NFSv4.1 backchannel transport module.
Sep 28 08:58:30 ggsd kernel: [    0.094217] PCI: CLS 0 bytes, default 64
Sep 28 08:58:30 ggsd kernel: [    0.094229] PCI-DMA: Using software bounce buffering for IO (SWIOTLB)
Sep 28 08:58:30 ggsd kernel: [    0.094230] software IO TLB: mapped [mem 0x00000000f4000000-0x00000000f8000000] (64MB)
Sep 28 08:58:30 ggsd kernel: [    0.094274] kvm: no hardware support
Sep 28 08:58:30 ggsd kernel: [    0.094385] Trying to unpack rootfs image as initramfs...
Sep 28 08:58:30 ggsd kernel: [    0.096057] Freeing initrd memory: 1936K
Sep 28 08:58:30 ggsd kernel: [    0.175773] kvm: Nested Virtualization enabled
Sep 28 08:58:30 ggsd kernel: [    0.175778] SVM: kvm: Nested Paging enabled
Sep 28 08:58:30 ggsd kernel: [    0.175780] SVM: kvm: Hyper-V enlightened NPT TLB flush enabled
Sep 28 08:58:30 ggsd kernel: [    0.175781] SVM: kvm: Hyper-V Direct TLB Flush enabled
Sep 28 08:58:30 ggsd kernel: [    0.175798] SVM: Virtual VMLOAD VMSAVE supported
Sep 28 08:58:30 ggsd kernel: [    0.239942] Initialise system trusted keyrings
Sep 28 08:58:30 ggsd kernel: [    0.240010] workingset: timestamp_bits=46 max_order=21 bucket_order=0
Sep 28 08:58:30 ggsd kernel: [    0.240506] squashfs: version 4.0 (2009/01/31) Phillip Lougher
Sep 28 08:58:30 ggsd kernel: [    0.240628] NFS: Registering the id_resolver key type
Sep 28 08:58:30 ggsd kernel: [    0.240633] Key type id_resolver registered
Sep 28 08:58:30 ggsd kernel: [    0.240634] Key type id_legacy registered
Sep 28 08:58:30 ggsd kernel: [    0.240636] nfs4filelayout_init: NFSv4 File Layout Driver Registering...
Sep 28 08:58:30 ggsd kernel: [    0.240638] nfs4flexfilelayout_init: NFSv4 Flexfile Layout Driver Registering...
Sep 28 08:58:30 ggsd kernel: [    0.240639] Installing knfsd (copyright (C) 1996 okir@monad.swb.de).
Sep 28 08:58:30 ggsd kernel: [    0.241119] Key type cifs.idmap registered
Sep 28 08:58:30 ggsd kernel: [    0.241167] fuse: init (API version 7.34)
Sep 28 08:58:30 ggsd kernel: [    0.241281] SGI XFS with ACLs, security attributes, realtime, scrub, repair, quota, no debug enabled
Sep 28 08:58:30 ggsd kernel: [    0.241518] 9p: Installing v9fs 9p2000 file system support
Sep 28 08:58:30 ggsd kernel: [    0.241525] FS-Cache: Netfs '9p' registered for caching
Sep 28 08:58:30 ggsd kernel: [    0.241552] FS-Cache: Netfs 'ceph' registered for caching
Sep 28 08:58:30 ggsd kernel: [    0.241553] ceph: loaded (mds proto 32)
Sep 28 08:58:30 ggsd kernel: [    0.244407] NET: Registered PF_ALG protocol family
Sep 28 08:58:30 ggsd kernel: [    0.244411] xor: automatically using best checksumming function   avx       
Sep 28 08:58:30 ggsd kernel: [    0.244414] Key type asymmetric registered
Sep 28 08:58:30 ggsd kernel: [    0.244415] Asymmetric key parser 'x509' registered
Sep 28 08:58:30 ggsd kernel: [    0.244439] Block layer SCSI generic (bsg) driver version 0.4 loaded (major 248)
Sep 28 08:58:30 ggsd kernel: [    0.245058] hv_vmbus: registering driver hv_pci
Sep 28 08:58:30 ggsd kernel: [    0.245329] hv_pci 9456b3bd-0cb1-47a0-9f8d-6f139d865e82: PCI VMBus probing: Using version 0x10004
Sep 28 08:58:30 ggsd kernel: [    0.246429] hv_pci 9456b3bd-0cb1-47a0-9f8d-6f139d865e82: PCI host bridge to bus 0cb1:00
Sep 28 08:58:30 ggsd kernel: [    0.246432] pci_bus 0cb1:00: root bus resource [mem 0x9ffe00000-0x9ffe02fff window]
Sep 28 08:58:30 ggsd kernel: [    0.246435] pci_bus 0cb1:00: No busn resource found for root bus, will use [bus 00-ff]
Sep 28 08:58:30 ggsd kernel: [    0.247202] pci 0cb1:00:00.0: [1af4:1043] type 00 class 0x010000
Sep 28 08:58:30 ggsd kernel: [    0.247855] pci 0cb1:00:00.0: reg 0x10: [mem 0x9ffe00000-0x9ffe00fff 64bit]
Sep 28 08:58:30 ggsd kernel: [    0.248288] pci 0cb1:00:00.0: reg 0x18: [mem 0x9ffe01000-0x9ffe01fff 64bit]
Sep 28 08:58:30 ggsd kernel: [    0.248699] pci 0cb1:00:00.0: reg 0x20: [mem 0x9ffe02000-0x9ffe02fff 64bit]
Sep 28 08:58:30 ggsd kernel: [    0.250728] pci_bus 0cb1:00: busn_res: [bus 00-ff] end is updated to 00
Sep 28 08:58:30 ggsd kernel: [    0.250732] pci 0cb1:00:00.0: BAR 0: assigned [mem 0x9ffe00000-0x9ffe00fff 64bit]
Sep 28 08:58:30 ggsd kernel: [    0.251018] pci 0cb1:00:00.0: BAR 2: assigned [mem 0x9ffe01000-0x9ffe01fff 64bit]
Sep 28 08:58:30 ggsd kernel: [    0.251300] pci 0cb1:00:00.0: BAR 4: assigned [mem 0x9ffe02000-0x9ffe02fff 64bit]
Sep 28 08:58:30 ggsd kernel: [    0.251815] hv_pci 3026e1ef-5eb3-441a-b513-c1fbc080f7ad: PCI VMBus probing: Using version 0x10004
Sep 28 08:58:30 ggsd kernel: [    0.252394] hv_pci 3026e1ef-5eb3-441a-b513-c1fbc080f7ad: PCI host bridge to bus 5eb3:00
Sep 28 08:58:30 ggsd kernel: [    0.252396] pci_bus 5eb3:00: No busn resource found for root bus, will use [bus 00-ff]
Sep 28 08:58:30 ggsd kernel: [    0.252640] pci 5eb3:00:00.0: [1414:008e] type 00 class 0x030200
Sep 28 08:58:30 ggsd kernel: [    0.255456] pci_bus 5eb3:00: busn_res: [bus 00-ff] end is updated to 00
Sep 28 08:58:30 ggsd kernel: [    0.255669] hv_pci f47598c6-9dfb-4b74-9edd-a629ca4f2410: PCI VMBus probing: Using version 0x10004
Sep 28 08:58:30 ggsd kernel: [    0.256651] hv_pci f47598c6-9dfb-4b74-9edd-a629ca4f2410: PCI host bridge to bus 9dfb:00
Sep 28 08:58:30 ggsd kernel: [    0.256694] pci_bus 9dfb:00: root bus resource [mem 0x9ffe04000-0x9ffe06fff window]
Sep 28 08:58:30 ggsd kernel: [    0.256695] pci_bus 9dfb:00: No busn resource found for root bus, will use [bus 00-ff]
Sep 28 08:58:30 ggsd kernel: [    0.257300] pci 9dfb:00:00.0: [1af4:1049] type 00 class 0x010000
Sep 28 08:58:30 ggsd kernel: [    0.257910] pci 9dfb:00:00.0: reg 0x10: [mem 0x9ffe04000-0x9ffe04fff 64bit]
Sep 28 08:58:30 ggsd kernel: [    0.258328] pci 9dfb:00:00.0: reg 0x18: [mem 0x9ffe05000-0x9ffe05fff 64bit]
Sep 28 08:58:30 ggsd kernel: [    0.258756] pci 9dfb:00:00.0: reg 0x20: [mem 0x9ffe06000-0x9ffe06fff 64bit]
Sep 28 08:58:30 ggsd kernel: [    0.261047] pci_bus 9dfb:00: busn_res: [bus 00-ff] end is updated to 00
Sep 28 08:58:30 ggsd kernel: [    0.261050] pci 9dfb:00:00.0: BAR 0: assigned [mem 0x9ffe04000-0x9ffe04fff 64bit]
Sep 28 08:58:30 ggsd kernel: [    0.261355] pci 9dfb:00:00.0: BAR 2: assigned [mem 0x9ffe05000-0x9ffe05fff 64bit]
Sep 28 08:58:30 ggsd kernel: [    0.261664] pci 9dfb:00:00.0: BAR 4: assigned [mem 0x9ffe06000-0x9ffe06fff 64bit]
Sep 28 08:58:30 ggsd kernel: [    0.262085] ACPI: AC: AC Adapter [AC1] (on-line)
Sep 28 08:58:30 ggsd kernel: [    0.262758] ACPI: battery: Slot [BAT1] (battery present)
Sep 28 08:58:30 ggsd kernel: [    0.268146] Serial: 8250/16550 driver, 4 ports, IRQ sharing disabled
Sep 28 08:58:30 ggsd kernel: [    0.295255] Non-volatile memory driver v1.3
Sep 28 08:58:30 ggsd kernel: [    0.295467] [drm] Initialized vgem 1.0.0 20120112 for vgem on minor 0
Sep 28 08:58:30 ggsd kernel: [    0.296349] printk: console [hvc0] enabled
Sep 28 08:58:30 ggsd kernel: [    0.298322] brd: module loaded
Sep 28 08:58:30 ggsd kernel: [    0.299224] loop: module loaded
Sep 28 08:58:30 ggsd kernel: [    0.299492] hv_vmbus: registering driver hv_storvsc
Sep 28 08:58:30 ggsd kernel: [    0.299798] wireguard: WireGuard 1.0.0 loaded. See www.wireguard.com for information.
Sep 28 08:58:30 ggsd kernel: [    0.300266] wireguard: Copyright (C) 2015-2019 Jason A. Donenfeld <Jason@zx2c4.com>. All Rights Reserved.
Sep 28 08:58:30 ggsd kernel: [    0.300796] tun: Universal TUN/TAP device driver, 1.6
Sep 28 08:58:30 ggsd kernel: [    0.301055] scsi host0: storvsc_host_t
Sep 28 08:58:30 ggsd kernel: [    0.301162] PPP generic driver version 2.4.2
Sep 28 08:58:30 ggsd kernel: [    0.301603] PPP BSD Compression module registered
Sep 28 08:58:30 ggsd kernel: [    0.301804] PPP Deflate Compression module registered
Sep 28 08:58:30 ggsd kernel: [    0.302006] PPP MPPE Compression module registered
Sep 28 08:58:30 ggsd kernel: [    0.302194] NET: Registered PF_PPPOX protocol family
Sep 28 08:58:30 ggsd kernel: [    0.302495] usbcore: registered new interface driver cdc_ether
Sep 28 08:58:30 ggsd kernel: [    0.302740] usbcore: registered new interface driver cdc_ncm
Sep 28 08:58:30 ggsd kernel: [    0.302976] usbcore: registered new interface driver r8153_ecm
Sep 28 08:58:30 ggsd kernel: [    0.303206] hv_vmbus: registering driver hv_netvsc
Sep 28 08:58:30 ggsd kernel: [    0.303544] VFIO - User Level meta-driver version: 0.3
Sep 28 08:58:30 ggsd kernel: [    0.303967] usbcore: registered new interface driver cdc_acm
Sep 28 08:58:30 ggsd kernel: [    0.304288] cdc_acm: USB Abstract Control Model driver for USB modems and ISDN adapters
Sep 28 08:58:30 ggsd kernel: [    0.304696] usbcore: registered new interface driver ch341
Sep 28 08:58:30 ggsd kernel: [    0.304953] usbserial: USB Serial support registered for ch341-uart
Sep 28 08:58:30 ggsd kernel: [    0.305253] usbcore: registered new interface driver cp210x
Sep 28 08:58:30 ggsd kernel: [    0.305526] usbserial: USB Serial support registered for cp210x
Sep 28 08:58:30 ggsd kernel: [    0.305838] usbcore: registered new interface driver ftdi_sio
Sep 28 08:58:30 ggsd kernel: [    0.306101] usbserial: USB Serial support registered for FTDI USB Serial Device
Sep 28 08:58:30 ggsd kernel: [    0.306568] vhci_hcd vhci_hcd.0: USB/IP Virtual Host Controller
Sep 28 08:58:30 ggsd kernel: [    0.306905] vhci_hcd vhci_hcd.0: new USB bus registered, assigned bus number 1
Sep 28 08:58:30 ggsd kernel: [    0.307236] vhci_hcd: created sysfs vhci_hcd.0
Sep 28 08:58:30 ggsd kernel: [    0.307611] usb usb1: New USB device found, idVendor=1d6b, idProduct=0002, bcdDevice= 5.15
Sep 28 08:58:30 ggsd kernel: [    0.307987] usb usb1: New USB device strings: Mfr=3, Product=2, SerialNumber=1
Sep 28 08:58:30 ggsd kernel: [    0.308319] usb usb1: Product: USB/IP Virtual Host Controller
Sep 28 08:58:30 ggsd kernel: [    0.308570] usb usb1: Manufacturer: Linux 5.15.90.1-microsoft-standard-WSL2 vhci_hcd
Sep 28 08:58:30 ggsd kernel: [    0.308879] usb usb1: SerialNumber: vhci_hcd.0
Sep 28 08:58:30 ggsd kernel: [    0.309248] hub 1-0:1.0: USB hub found
Sep 28 08:58:30 ggsd kernel: [    0.309465] hub 1-0:1.0: 8 ports detected
Sep 28 08:58:30 ggsd kernel: [    0.309833] vhci_hcd vhci_hcd.0: USB/IP Virtual Host Controller
Sep 28 08:58:30 ggsd kernel: [    0.310108] vhci_hcd vhci_hcd.0: new USB bus registered, assigned bus number 2
Sep 28 08:58:30 ggsd kernel: [    0.310466] usb usb2: We don't know the algorithms for LPM for this host, disabling LPM.
Sep 28 08:58:30 ggsd kernel: [    0.310943] usb usb2: New USB device found, idVendor=1d6b, idProduct=0003, bcdDevice= 5.15
Sep 28 08:58:30 ggsd kernel: [    0.311253] usb usb2: New USB device strings: Mfr=3, Product=2, SerialNumber=1
Sep 28 08:58:30 ggsd kernel: [    0.311532] usb usb2: Product: USB/IP Virtual Host Controller
Sep 28 08:58:30 ggsd kernel: [    0.311794] usb usb2: Manufacturer: Linux 5.15.90.1-microsoft-standard-WSL2 vhci_hcd
Sep 28 08:58:30 ggsd kernel: [    0.312153] usb usb2: SerialNumber: vhci_hcd.0
Sep 28 08:58:30 ggsd kernel: [    0.312558] hub 2-0:1.0: USB hub found
Sep 28 08:58:30 ggsd kernel: [    0.312823] hub 2-0:1.0: 8 ports detected
Sep 28 08:58:30 ggsd kernel: [    0.313224] hv_vmbus: registering driver hyperv_keyboard
Sep 28 08:58:30 ggsd kernel: [    0.313443] rtc_cmos 00:00: RTC can wake from S4
Sep 28 08:58:30 ggsd kernel: [    0.314758] rtc_cmos 00:00: registered as rtc0
Sep 28 08:58:30 ggsd kernel: [    0.315144] rtc_cmos 00:00: setting system clock to 2023-09-28T00:58:27 UTC (1695862707)
Sep 28 08:58:30 ggsd kernel: [    0.315534] rtc_cmos 00:00: alarms up to one month, 114 bytes nvram
Sep 28 08:58:30 ggsd kernel: [    0.316111] device-mapper: ioctl: 4.45.0-ioctl (2021-03-22) initialised: dm-devel@redhat.com
Sep 28 08:58:30 ggsd kernel: [    0.316592] device-mapper: raid: Loading target version 1.15.1
Sep 28 08:58:30 ggsd kernel: [    0.316954] usbcore: registered new interface driver usbhid
Sep 28 08:58:30 ggsd kernel: [    0.317179] usbhid: USB HID core driver
Sep 28 08:58:30 ggsd kernel: [    0.317449] hv_utils: Registering HyperV Utility Driver
Sep 28 08:58:30 ggsd kernel: [    0.317804] hv_vmbus: registering driver hv_utils
Sep 28 08:58:30 ggsd kernel: [    0.318064] hv_vmbus: registering driver hv_balloon
Sep 28 08:58:30 ggsd kernel: [    0.318355] hv_vmbus: registering driver dxgkrnl
Sep 28 08:58:30 ggsd kernel: [    0.318395] hv_utils: TimeSync IC version 4.0
Sep 28 08:58:30 ggsd kernel: [    0.318898] hv_balloon: Using Dynamic Memory protocol version 2.0
Sep 28 08:58:30 ggsd kernel: [    0.319012] drop_monitor: Initializing network drop monitor service
Sep 28 08:58:30 ggsd kernel: [    0.319639] Mirror/redirect action on
Sep 28 08:58:30 ggsd kernel: [    0.319855] Free page reporting enabled
Sep 28 08:58:30 ggsd kernel: [    0.319871] u32 classifier
Sep 28 08:58:30 ggsd kernel: [    0.320017] hv_balloon: Cold memory discard hint enabled with order 9
Sep 28 08:58:30 ggsd kernel: [    0.320131]     Performance counters on
Sep 28 08:58:30 ggsd kernel: [    0.320641]     input device check on
Sep 28 08:58:30 ggsd kernel: [    0.320810]     Actions configured
Sep 28 08:58:30 ggsd kernel: [    0.322008] IPVS: Registered protocols (TCP, UDP)
Sep 28 08:58:30 ggsd kernel: [    0.322380] IPVS: Connection hash table configured (size=4096, memory=32Kbytes)
Sep 28 08:58:30 ggsd kernel: [    0.322807] IPVS: ipvs loaded.
Sep 28 08:58:30 ggsd kernel: [    0.322987] IPVS: [rr] scheduler registered.
Sep 28 08:58:30 ggsd kernel: [    0.323175] IPVS: [wrr] scheduler registered.
Sep 28 08:58:30 ggsd kernel: [    0.323365] IPVS: [sh] scheduler registered.
Sep 28 08:58:30 ggsd kernel: [    0.323573] ipip: IPv4 and MPLS over IPv4 tunneling driver
Sep 28 08:58:30 ggsd kernel: [    0.323793] ipt_CLUSTERIP: ClusterIP Version 0.8 loaded successfully
Sep 28 08:58:30 ggsd kernel: [    0.324057] Initializing XFRM netlink socket
Sep 28 08:58:30 ggsd kernel: [    0.324283] NET: Registered PF_INET6 protocol family
Sep 28 08:58:30 ggsd kernel: [    0.324779] Segment Routing with IPv6
Sep 28 08:58:30 ggsd kernel: [    0.325009] In-situ OAM (IOAM) with IPv6
Sep 28 08:58:30 ggsd kernel: [    0.325201] sit: IPv6, IPv4 and MPLS over IPv4 tunneling driver
Sep 28 08:58:30 ggsd kernel: [    0.325481] NET: Registered PF_PACKET protocol family
Sep 28 08:58:30 ggsd kernel: [    0.325695] Bridge firewalling registered
Sep 28 08:58:30 ggsd kernel: [    0.325851] 8021q: 802.1Q VLAN Support v1.8
Sep 28 08:58:30 ggsd kernel: [    0.326003] sctp: Hash tables configured (bind 256/256)
Sep 28 08:58:30 ggsd kernel: [    0.326231] 9pnet: Installing 9P2000 support
Sep 28 08:58:30 ggsd kernel: [    0.334874] Key type dns_resolver registered
Sep 28 08:58:30 ggsd kernel: [    0.335192] Key type ceph registered
Sep 28 08:58:30 ggsd kernel: [    0.335542] libceph: loaded (mon/osd proto 15/24)
Sep 28 08:58:30 ggsd kernel: [    0.335853] NET: Registered PF_VSOCK protocol family
Sep 28 08:58:30 ggsd kernel: [    0.336133] hv_vmbus: registering driver hv_sock
Sep 28 08:58:30 ggsd kernel: [    0.336445] IPI shorthand broadcast: enabled
Sep 28 08:58:30 ggsd kernel: [    0.336693] sched_clock: Marking stable (335389508, 441000)->(358444800, -22614292)
Sep 28 08:58:30 ggsd kernel: [    0.337417] registered taskstats version 1
Sep 28 08:58:30 ggsd kernel: [    0.338049] Loading compiled-in X.509 certificates
Sep 28 08:58:30 ggsd kernel: [    0.339178] Btrfs loaded, crc32c=crc32c-generic, zoned=no, fsverity=no
Sep 28 08:58:30 ggsd kernel: [    0.340379] Freeing unused kernel image (initmem) memory: 2008K
Sep 28 08:58:30 ggsd kernel: [    0.402355] Write protecting the kernel read-only data: 30720k
Sep 28 08:58:30 ggsd kernel: [    0.403755] Freeing unused kernel image (text/rodata gap) memory: 2024K
Sep 28 08:58:30 ggsd kernel: [    0.404518] Freeing unused kernel image (rodata/data gap) memory: 464K
Sep 28 08:58:30 ggsd kernel: [    0.404805] Run /init as init process
Sep 28 08:58:30 ggsd kernel: [    0.404972]   with arguments:
Sep 28 08:58:30 ggsd kernel: [    0.405150]     /init
Sep 28 08:58:30 ggsd kernel: [    0.405285]   with environment:
Sep 28 08:58:30 ggsd kernel: [    0.405456]     HOME=/
Sep 28 08:58:30 ggsd kernel: [    0.405590]     TERM=linux
Sep 28 08:58:30 ggsd kernel: [    0.405699]     WSL_ROOT_INIT=1
Sep 28 08:58:30 ggsd kernel: [    0.410004] scsi 0:0:0:0: Direct-Access     Msft     Virtual Disk     1.0  PQ: 0 ANSI: 5
Sep 28 08:58:30 ggsd kernel: [    0.411100] sd 0:0:0:0: Attached scsi generic sg0 type 0
Sep 28 08:58:30 ggsd kernel: [    0.411520] sd 0:0:0:0: [sda] 744080 512-byte logical blocks: (381 MB/363 MiB)
Sep 28 08:58:30 ggsd kernel: [    0.411946] sd 0:0:0:0: [sda] Write Protect is on
Sep 28 08:58:30 ggsd kernel: [    0.412187] sd 0:0:0:0: [sda] Mode Sense: 0f 00 80 00
Sep 28 08:58:30 ggsd kernel: [    0.412589] sd 0:0:0:0: [sda] Write cache: disabled, read cache: enabled, doesn't support DPO or FUA
Sep 28 08:58:30 ggsd kernel: [    0.844708] EXT4-fs (sda): mounted filesystem without journal. Opts: (null). Quota mode: none.
Sep 28 08:58:30 ggsd kernel: [    0.926063] IPv6: ADDRCONF(NETDEV_CHANGE): eth0: link becomes ready
Sep 28 08:58:30 ggsd kernel: [    0.972663] sd 0:0:0:0: [sda] Attached SCSI disk
Sep 28 08:58:30 ggsd kernel: [    1.042962] hv_pci 0f38a679-1b48-437c-a199-2ac806ae3c01: PCI VMBus probing: Using version 0x10004
Sep 28 08:58:30 ggsd kernel: [    1.045035] hv_pci 0f38a679-1b48-437c-a199-2ac806ae3c01: PCI host bridge to bus 1b48:00
Sep 28 08:58:30 ggsd kernel: [    1.045509] pci_bus 1b48:00: root bus resource [mem 0xc00000000-0xe00001fff window]
Sep 28 08:58:30 ggsd kernel: [    1.045921] pci_bus 1b48:00: No busn resource found for root bus, will use [bus 00-ff]
Sep 28 08:58:30 ggsd kernel: [    1.046969] pci 1b48:00:00.0: [1af4:105a] type 00 class 0x088000
Sep 28 08:58:30 ggsd kernel: [    1.049077] pci 1b48:00:00.0: reg 0x10: [mem 0xe00000000-0xe00000fff 64bit]
Sep 28 08:58:30 ggsd kernel: [    1.051522] pci 1b48:00:00.0: reg 0x18: [mem 0xe00001000-0xe00001fff 64bit]
Sep 28 08:58:30 ggsd kernel: [    1.053968] pci 1b48:00:00.0: reg 0x20: [mem 0xc00000000-0xdffffffff 64bit]
Sep 28 08:58:30 ggsd kernel: [    1.057799] pci_bus 1b48:00: busn_res: [bus 00-ff] end is updated to 00
Sep 28 08:58:30 ggsd kernel: [    1.058222] pci 1b48:00:00.0: BAR 4: assigned [mem 0xc00000000-0xdffffffff 64bit]
Sep 28 08:58:30 ggsd kernel: [    1.060198] pci 1b48:00:00.0: BAR 0: assigned [mem 0xe00000000-0xe00000fff 64bit]
Sep 28 08:58:30 ggsd kernel: [    1.061900] pci 1b48:00:00.0: BAR 2: assigned [mem 0xe00001000-0xe00001fff 64bit]
Sep 28 08:58:30 ggsd kernel: [    1.072705] virtiofs virtio2: Cache len: 0x200000000 @ 0xc00000000
Sep 28 08:58:30 ggsd kernel: [    1.142687] memmap_init_zone_device initialised 2097152 pages in 20ms
Sep 28 08:58:30 ggsd kernel: [    1.151741] FS-Cache: Duplicate cookie detected
Sep 28 08:58:30 ggsd kernel: [    1.152149] FS-Cache: O-cookie c=00000004 [p=00000002 fl=222 nc=0 na=1]
Sep 28 08:58:30 ggsd kernel: [    1.152549] FS-Cache: O-cookie d=0000000003697acf{9P.session} n=000000004a1c5eb2
Sep 28 08:58:30 ggsd kernel: [    1.152983] FS-Cache: O-key=[10] '34323934393337343035'
Sep 28 08:58:30 ggsd kernel: [    1.153195] FS-Cache: N-cookie c=00000005 [p=00000002 fl=2 nc=0 na=1]
Sep 28 08:58:30 ggsd kernel: [    1.153494] FS-Cache: N-cookie d=0000000003697acf{9P.session} n=0000000068ba4b97
Sep 28 08:58:30 ggsd kernel: [    1.153779] FS-Cache: N-key=[10] '34323934393337343035'
Sep 28 08:58:30 ggsd kernel: [    1.252290] clocksource: tsc: mask: 0xffffffffffffffff max_cycles: 0x2e09cf6d284, max_idle_ns: 440795338034 ns
Sep 28 08:58:30 ggsd kernel: [    1.253966] clocksource: Switched to clocksource tsc
Sep 28 08:58:30 ggsd kernel: [    2.282642] scsi 0:0:0:1: Direct-Access     Msft     Virtual Disk     1.0  PQ: 0 ANSI: 5
Sep 28 08:58:30 ggsd kernel: [    2.283870] sd 0:0:0:1: Attached scsi generic sg1 type 0
Sep 28 08:58:30 ggsd kernel: [    2.284392] scsi 0:0:0:2: Direct-Access     Msft     Virtual Disk     1.0  PQ: 0 ANSI: 5
Sep 28 08:58:30 ggsd kernel: [    2.284464] sd 0:0:0:1: [sdb] 4194312 512-byte logical blocks: (2.15 GB/2.00 GiB)
Sep 28 08:58:30 ggsd kernel: [    2.285387] sd 0:0:0:2: Attached scsi generic sg2 type 0
Sep 28 08:58:30 ggsd kernel: [    2.285515] sd 0:0:0:1: [sdb] 4096-byte physical blocks
Sep 28 08:58:30 ggsd kernel: [    2.286269] sd 0:0:0:1: [sdb] Write Protect is off
Sep 28 08:58:30 ggsd kernel: [    2.286666] sd 0:0:0:1: [sdb] Mode Sense: 0f 00 00 00
Sep 28 08:58:30 ggsd kernel: [    2.287137] sd 0:0:0:2: [sdc] 2147483648 512-byte logical blocks: (1.10 TB/1.00 TiB)
Sep 28 08:58:30 ggsd kernel: [    2.287216] sd 0:0:0:1: [sdb] Write cache: enabled, read cache: enabled, doesn't support DPO or FUA
Sep 28 08:58:30 ggsd kernel: [    2.287558] sd 0:0:0:2: [sdc] 4096-byte physical blocks
Sep 28 08:58:30 ggsd kernel: [    2.288156] sd 0:0:0:2: [sdc] Write Protect is off
Sep 28 08:58:30 ggsd kernel: [    2.288832] sd 0:0:0:2: [sdc] Mode Sense: 0f 00 00 00
Sep 28 08:58:30 ggsd kernel: [    2.289365] sd 0:0:0:2: [sdc] Write cache: enabled, read cache: enabled, doesn't support DPO or FUA
Sep 28 08:58:30 ggsd kernel: [    2.291682] sd 0:0:0:2: [sdc] Attached SCSI disk
Sep 28 08:58:30 ggsd kernel: [    2.292042] sd 0:0:0:1: [sdb] Attached SCSI disk
Sep 28 08:58:30 ggsd kernel: [    2.309911] EXT4-fs (sdc): mounted filesystem with ordered data mode. Opts: discard,errors=remount-ro,data=ordered. Quota mode: none.
Sep 28 08:58:30 ggsd kernel: [    2.333416] Adding 2097152k swap on /dev/sdb.  Priority:-2 extents:1 across:2097152k 
Sep 28 08:58:30 ggsd kernel: [    2.685095] hv_pci 9d84b5e8-51a3-4ac7-8e0c-5b510b0012d2: PCI VMBus probing: Using version 0x10004
Sep 28 08:58:30 ggsd kernel: [    2.686511] hv_pci 9d84b5e8-51a3-4ac7-8e0c-5b510b0012d2: PCI host bridge to bus 51a3:00
Sep 28 08:58:30 ggsd kernel: [    2.686646] 9pnet_virtio: no channels available for device drvfs
Sep 28 08:58:30 ggsd kernel: [    2.686990] pci_bus 51a3:00: root bus resource [mem 0x9ffe08000-0x9ffe0afff window]
Sep 28 08:58:30 ggsd kernel: [    2.687696] pci_bus 51a3:00: No busn resource found for root bus, will use [bus 00-ff]
Sep 28 08:58:30 ggsd kernel: [    2.689013] pci 51a3:00:00.0: [1af4:1049] type 00 class 0x010000
Sep 28 08:58:30 ggsd kernel: [    2.690097] pci 51a3:00:00.0: reg 0x10: [mem 0x9ffe08000-0x9ffe08fff 64bit]
Sep 28 08:58:30 ggsd kernel: [    2.690862] pci 51a3:00:00.0: reg 0x18: [mem 0x9ffe09000-0x9ffe09fff 64bit]
Sep 28 08:58:30 ggsd kernel: [    2.691648] pci 51a3:00:00.0: reg 0x20: [mem 0x9ffe0a000-0x9ffe0afff 64bit]
Sep 28 08:58:30 ggsd kernel: [    2.694566] pci_bus 51a3:00: busn_res: [bus 00-ff] end is updated to 00
Sep 28 08:58:30 ggsd kernel: [    2.695042] pci 51a3:00:00.0: BAR 0: assigned [mem 0x9ffe08000-0x9ffe08fff 64bit]
Sep 28 08:58:30 ggsd kernel: [    2.695782] pci 51a3:00:00.0: BAR 2: assigned [mem 0x9ffe09000-0x9ffe09fff 64bit]
Sep 28 08:58:30 ggsd kernel: [    2.696536] pci 51a3:00:00.0: BAR 4: assigned [mem 0x9ffe0a000-0x9ffe0afff 64bit]
Sep 28 08:58:30 ggsd kernel: [    2.792877] hv_pci 55aa7fc2-609b-429b-b900-81367ca77d2d: PCI VMBus probing: Using version 0x10004
Sep 28 08:58:30 ggsd kernel: [    2.794495] hv_pci 55aa7fc2-609b-429b-b900-81367ca77d2d: PCI host bridge to bus 609b:00
Sep 28 08:58:30 ggsd kernel: [    2.794943] pci_bus 609b:00: root bus resource [mem 0x9ffe0c000-0x9ffe0efff window]
Sep 28 08:58:30 ggsd kernel: [    2.795297] pci_bus 609b:00: No busn resource found for root bus, will use [bus 00-ff]
Sep 28 08:58:30 ggsd kernel: [    2.796344] pci 609b:00:00.0: [1af4:1049] type 00 class 0x010000
Sep 28 08:58:30 ggsd kernel: [    2.797490] pci 609b:00:00.0: reg 0x10: [mem 0x9ffe0c000-0x9ffe0cfff 64bit]
Sep 28 08:58:30 ggsd kernel: [    2.798317] pci 609b:00:00.0: reg 0x18: [mem 0x9ffe0d000-0x9ffe0dfff 64bit]
Sep 28 08:58:30 ggsd kernel: [    2.799152] pci 609b:00:00.0: reg 0x20: [mem 0x9ffe0e000-0x9ffe0efff 64bit]
Sep 28 08:58:30 ggsd kernel: [    2.802006] pci_bus 609b:00: busn_res: [bus 00-ff] end is updated to 00
Sep 28 08:58:30 ggsd kernel: [    2.802634] pci 609b:00:00.0: BAR 0: assigned [mem 0x9ffe0c000-0x9ffe0cfff 64bit]
Sep 28 08:58:30 ggsd kernel: [    2.803503] pci 609b:00:00.0: BAR 2: assigned [mem 0x9ffe0d000-0x9ffe0dfff 64bit]
Sep 28 08:58:30 ggsd kernel: [    2.804254] pci 609b:00:00.0: BAR 4: assigned [mem 0x9ffe0e000-0x9ffe0efff 64bit]
Sep 28 08:58:30 ggsd kernel: [    2.892308] hv_pci c7b01e07-d3f6-4dcd-a8c6-52a7e6404c0b: PCI VMBus probing: Using version 0x10004
Sep 28 08:58:30 ggsd kernel: [    2.894192] 9pnet_virtio: no channels available for device drvfs
Sep 28 08:58:30 ggsd kernel: [    2.935040] hv_pci c7b01e07-d3f6-4dcd-a8c6-52a7e6404c0b: PCI host bridge to bus d3f6:00
Sep 28 08:58:30 ggsd kernel: [    2.935638] pci_bus d3f6:00: root bus resource [mem 0xbffe10000-0xbffe12fff window]
Sep 28 08:58:30 ggsd kernel: [    2.936145] pci_bus d3f6:00: No busn resource found for root bus, will use [bus 00-ff]
Sep 28 08:58:30 ggsd kernel: [    2.937247] pci d3f6:00:00.0: [1af4:1049] type 00 class 0x010000
Sep 28 08:58:30 ggsd kernel: [    2.938339] pci d3f6:00:00.0: reg 0x10: [mem 0xbffe10000-0xbffe10fff 64bit]
Sep 28 08:58:30 ggsd kernel: [    2.939401] pci d3f6:00:00.0: reg 0x18: [mem 0xbffe11000-0xbffe11fff 64bit]
Sep 28 08:58:30 ggsd kernel: [    2.940374] pci d3f6:00:00.0: reg 0x20: [mem 0xbffe12000-0xbffe12fff 64bit]
Sep 28 08:58:30 ggsd kernel: [    2.943942] pci_bus d3f6:00: busn_res: [bus 00-ff] end is updated to 00
Sep 28 08:58:30 ggsd kernel: [    2.944418] pci d3f6:00:00.0: BAR 0: assigned [mem 0xbffe10000-0xbffe10fff 64bit]
Sep 28 08:58:30 ggsd kernel: [    2.945252] pci d3f6:00:00.0: BAR 2: assigned [mem 0xbffe11000-0xbffe11fff 64bit]
Sep 28 08:58:30 ggsd kernel: [    2.946203] pci d3f6:00:00.0: BAR 4: assigned [mem 0xbffe12000-0xbffe12fff 64bit]
Sep 28 08:58:30 ggsd kernel: [    3.002541] hv_pci 39fe815d-af86-40c7-8542-f49fa1f6bbe5: PCI VMBus probing: Using version 0x10004
Sep 28 08:58:30 ggsd kernel: [    3.045251] hv_pci 39fe815d-af86-40c7-8542-f49fa1f6bbe5: PCI host bridge to bus af86:00
Sep 28 08:58:30 ggsd kernel: [    3.045708] pci_bus af86:00: root bus resource [mem 0xbffe14000-0xbffe16fff window]
Sep 28 08:58:30 ggsd kernel: [    3.046070] pci_bus af86:00: No busn resource found for root bus, will use [bus 00-ff]
Sep 28 08:58:30 ggsd kernel: [    3.050503] pci af86:00:00.0: [1af4:1049] type 00 class 0x010000
Sep 28 08:58:30 ggsd kernel: [    3.051682] pci af86:00:00.0: reg 0x10: [mem 0xbffe14000-0xbffe14fff 64bit]
Sep 28 08:58:30 ggsd kernel: [    3.052803] pci af86:00:00.0: reg 0x18: [mem 0xbffe15000-0xbffe15fff 64bit]
Sep 28 08:58:30 ggsd kernel: [    3.053740] pci af86:00:00.0: reg 0x20: [mem 0xbffe16000-0xbffe16fff 64bit]
Sep 28 08:58:30 ggsd kernel: [    3.057248] pci_bus af86:00: busn_res: [bus 00-ff] end is updated to 00
Sep 28 08:58:30 ggsd kernel: [    3.057760] pci af86:00:00.0: BAR 0: assigned [mem 0xbffe14000-0xbffe14fff 64bit]
Sep 28 08:58:30 ggsd kernel: [    3.058633] pci af86:00:00.0: BAR 2: assigned [mem 0xbffe15000-0xbffe15fff 64bit]
Sep 28 08:58:30 ggsd kernel: [    3.059556] pci af86:00:00.0: BAR 4: assigned [mem 0xbffe16000-0xbffe16fff 64bit]
Sep 28 08:58:30 ggsd kernel: [    3.120295] misc dxg: dxgk: dxgkio_query_adapter_info: Ioctl failed: -22
Sep 28 08:58:30 ggsd kernel: [    3.120887] misc dxg: dxgk: dxgkio_query_adapter_info: Ioctl failed: -22
Sep 28 08:58:30 ggsd kernel: [    3.121621] misc dxg: dxgk: dxgkio_query_adapter_info: Ioctl failed: -22
Sep 28 08:58:30 ggsd kernel: [    3.122349] misc dxg: dxgk: dxgkio_query_adapter_info: Ioctl failed: -2
Sep 28 08:58:32 ggsd kernel: [    5.365885] br-350da7917695: port 1(veth5a2f13b) entered blocking state
Sep 28 08:58:32 ggsd kernel: [    5.365904] br-350da7917695: port 1(veth5a2f13b) entered disabled state
Sep 28 08:58:32 ggsd kernel: [    5.366106] device veth5a2f13b entered promiscuous mode
Sep 28 08:58:32 ggsd kernel: [    5.366219] br-350da7917695: port 1(veth5a2f13b) entered blocking state
Sep 28 08:58:32 ggsd kernel: [    5.366221] br-350da7917695: port 1(veth5a2f13b) entered forwarding state
Sep 28 08:58:32 ggsd kernel: [    5.366374] br-350da7917695: port 1(veth5a2f13b) entered disabled state
Sep 28 08:58:32 ggsd kernel: [    5.792877] eth0: renamed from veth8cb0216
Sep 28 08:58:32 ggsd kernel: [    5.902695] IPv6: ADDRCONF(NETDEV_CHANGE): veth5a2f13b: link becomes ready
Sep 28 08:58:32 ggsd kernel: [    5.902719] br-350da7917695: port 1(veth5a2f13b) entered blocking state
Sep 28 08:58:32 ggsd kernel: [    5.902721] br-350da7917695: port 1(veth5a2f13b) entered forwarding state
Sep 28 08:58:32 ggsd kernel: [    5.902781] IPv6: ADDRCONF(NETDEV_CHANGE): br-350da7917695: link becomes ready
Sep 28 08:59:16 ggsd kernel: [   49.135219] hv_balloon: Max. dynamic memory size: 7778 MB
Sep 28 09:34:36 ggsd kernel: [ 2169.749003] hv_utils: TimeSync IC version 4.0
Sep 28 22:39:56 ggsd kernel: [ 5489.992526] hv_utils: TimeSync IC version 4.0
Sep 28 23:21:04 ggsd kernel: [ 7956.991856] nf_conntrack: default automatic helper assignment has been turned off for security reasons and CT-based firewall rule not found. Use the iptables CT target to attach helpers instead.
Sep 28 23:32:39 ggsd kernel: [    0.000000] Linux version 5.15.90.1-microsoft-standard-WSL2 (oe-user@oe-host) (x86_64-msft-linux-gcc (GCC) 9.3.0, GNU ld (GNU Binutils) 2.34.0.20200220) #1 SMP Fri Jan 27 02:56:13 UTC 2023
Sep 28 23:32:39 ggsd kernel: [    0.000000] Command line: initrd=\initrd.img WSL_ROOT_INIT=1 panic=-1 nr_cpus=16 bonding.max_bonds=0 dummy.numdummies=0 fb_tunnels=none swiotlb=force console=hvc0 debug pty.legacy_count=0
Sep 28 23:32:39 ggsd kernel: [    0.000000] KERNEL supported cpus:
Sep 28 23:32:39 ggsd kernel: [    0.000000]   Intel GenuineIntel
Sep 28 23:32:39 ggsd kernel: [    0.000000]   AMD AuthenticAMD
Sep 28 23:32:39 ggsd kernel: [    0.000000]   Centaur CentaurHauls
Sep 28 23:32:39 ggsd kernel: [    0.000000] x86/fpu: Supporting XSAVE feature 0x001: 'x87 floating point registers'
Sep 28 23:32:39 ggsd kernel: [    0.000000] x86/fpu: Supporting XSAVE feature 0x002: 'SSE registers'
Sep 28 23:32:39 ggsd kernel: [    0.000000] x86/fpu: Supporting XSAVE feature 0x004: 'AVX registers'
Sep 28 23:32:39 ggsd kernel: [    0.000000] x86/fpu: xstate_offset[2]:  576, xstate_sizes[2]:  256
Sep 28 23:32:39 ggsd kernel: [    0.000000] x86/fpu: Enabled xstate features 0x7, context size is 832 bytes, using 'compacted' format.
Sep 28 23:32:39 ggsd kernel: [    0.000000] signal: max sigframe size: 1776
Sep 28 23:32:39 ggsd kernel: [    0.000000] BIOS-provided physical RAM map:
Sep 28 23:32:39 ggsd kernel: [    0.000000] BIOS-e820: [mem 0x0000000000000000-0x000000000009ffff] usable
Sep 28 23:32:39 ggsd kernel: [    0.000000] BIOS-e820: [mem 0x00000000000e0000-0x00000000000e0fff] reserved
Sep 28 23:32:39 ggsd kernel: [    0.000000] BIOS-e820: [mem 0x0000000000100000-0x00000000001fffff] ACPI data
Sep 28 23:32:39 ggsd kernel: [    0.000000] BIOS-e820: [mem 0x0000000000200000-0x00000000f7ffffff] usable
Sep 28 23:32:39 ggsd kernel: [    0.000000] BIOS-e820: [mem 0x0000000100000000-0x00000001ee1fffff] usable
Sep 28 23:32:39 ggsd kernel: [    0.000000] NX (Execute Disable) protection: active
Sep 28 23:32:39 ggsd kernel: [    0.000000] DMI not present or invalid.
Sep 28 23:32:39 ggsd kernel: [    0.000000] Hypervisor detected: Microsoft Hyper-V
Sep 28 23:32:39 ggsd kernel: [    0.000000] Hyper-V: privilege flags low 0xae7f, high 0x3b8030, hints 0xc2c, misc 0xe0bed7b6
Sep 28 23:32:39 ggsd kernel: [    0.000000] Hyper-V Host Build:22621-10.0-2-0.2283
Sep 28 23:32:39 ggsd kernel: [    0.000000] Hyper-V: Nested features: 0x4a0000
Sep 28 23:32:39 ggsd kernel: [    0.000000] Hyper-V: LAPIC Timer Frequency: 0x1e8480
Sep 28 23:32:39 ggsd kernel: [    0.000000] Hyper-V: Using hypercall for remote TLB flush
Sep 28 23:32:39 ggsd kernel: [    0.000000] clocksource: hyperv_clocksource_tsc_page: mask: 0xffffffffffffffff max_cycles: 0x24e6a1710, max_idle_ns: 440795202120 ns
Sep 28 23:32:39 ggsd kernel: [    0.000003] tsc: Detected 3193.908 MHz processor
Sep 28 23:32:39 ggsd kernel: [    0.000013] e820: update [mem 0x00000000-0x00000fff] usable ==> reserved
Sep 28 23:32:39 ggsd kernel: [    0.000015] e820: remove [mem 0x000a0000-0x000fffff] usable
Sep 28 23:32:39 ggsd kernel: [    0.000017] last_pfn = 0x1ee200 max_arch_pfn = 0x400000000
Sep 28 23:32:39 ggsd kernel: [    0.000053] x86/PAT: Configuration [0-7]: WB  WC  UC- UC  WB  WP  UC- WT  
Sep 28 23:32:39 ggsd kernel: [    0.000066] last_pfn = 0xf8000 max_arch_pfn = 0x400000000
Sep 28 23:32:39 ggsd kernel: [    0.000077] Using GB pages for direct mapping
Sep 28 23:32:39 ggsd kernel: [    0.000319] RAMDISK: [mem 0x03a35000-0x03c18fff]
Sep 28 23:32:39 ggsd kernel: [    0.000322] ACPI: Early table checksum verification disabled
Sep 28 23:32:39 ggsd kernel: [    0.000329] ACPI: RSDP 0x00000000000E0000 000024 (v02 VRTUAL)
Sep 28 23:32:39 ggsd kernel: [    0.000333] ACPI: XSDT 0x0000000000100000 000044 (v01 VRTUAL MICROSFT 00000001 MSFT 00000001)
Sep 28 23:32:39 ggsd kernel: [    0.000338] ACPI: FACP 0x0000000000101000 000114 (v06 VRTUAL MICROSFT 00000001 MSFT 00000001)
Sep 28 23:32:39 ggsd kernel: [    0.000342] ACPI: DSDT 0x00000000001011B8 01E191 (v02 MSFTVM DSDT01   00000001 MSFT 05000000)
Sep 28 23:32:39 ggsd kernel: [    0.000344] ACPI: FACS 0x0000000000101114 000040
Sep 28 23:32:39 ggsd kernel: [    0.000346] ACPI: OEM0 0x0000000000101154 000064 (v01 VRTUAL MICROSFT 00000001 MSFT 00000001)
Sep 28 23:32:39 ggsd kernel: [    0.000348] ACPI: SRAT 0x000000000011F349 0003B0 (v02 VRTUAL MICROSFT 00000001 MSFT 00000001)
Sep 28 23:32:39 ggsd kernel: [    0.000350] ACPI: APIC 0x000000000011F6F9 0000C8 (v04 VRTUAL MICROSFT 00000001 MSFT 00000001)
Sep 28 23:32:39 ggsd kernel: [    0.000352] ACPI: Reserving FACP table memory at [mem 0x101000-0x101113]
Sep 28 23:32:39 ggsd kernel: [    0.000353] ACPI: Reserving DSDT table memory at [mem 0x1011b8-0x11f348]
Sep 28 23:32:39 ggsd kernel: [    0.000353] ACPI: Reserving FACS table memory at [mem 0x101114-0x101153]
Sep 28 23:32:39 ggsd kernel: [    0.000354] ACPI: Reserving OEM0 table memory at [mem 0x101154-0x1011b7]
Sep 28 23:32:39 ggsd kernel: [    0.000355] ACPI: Reserving SRAT table memory at [mem 0x11f349-0x11f6f8]
Sep 28 23:32:39 ggsd kernel: [    0.000355] ACPI: Reserving APIC table memory at [mem 0x11f6f9-0x11f7c0]
Sep 28 23:32:39 ggsd kernel: [    0.000512] Zone ranges:
Sep 28 23:32:39 ggsd kernel: [    0.000513]   DMA      [mem 0x0000000000001000-0x0000000000ffffff]
Sep 28 23:32:39 ggsd kernel: [    0.000515]   DMA32    [mem 0x0000000001000000-0x00000000ffffffff]
Sep 28 23:32:39 ggsd kernel: [    0.000516]   Normal   [mem 0x0000000100000000-0x00000001ee1fffff]
Sep 28 23:32:39 ggsd kernel: [    0.000517]   Device   empty
Sep 28 23:32:39 ggsd kernel: [    0.000518] Movable zone start for each node
Sep 28 23:32:39 ggsd kernel: [    0.000519] Early memory node ranges
Sep 28 23:32:39 ggsd kernel: [    0.000519]   node   0: [mem 0x0000000000001000-0x000000000009ffff]
Sep 28 23:32:39 ggsd kernel: [    0.000521]   node   0: [mem 0x0000000000200000-0x00000000f7ffffff]
Sep 28 23:32:39 ggsd kernel: [    0.000522]   node   0: [mem 0x0000000100000000-0x00000001ee1fffff]
Sep 28 23:32:39 ggsd kernel: [    0.000523] Initmem setup node 0 [mem 0x0000000000001000-0x00000001ee1fffff]
Sep 28 23:32:39 ggsd kernel: [    0.000648] On node 0, zone DMA: 1 pages in unavailable ranges
Sep 28 23:32:39 ggsd kernel: [    0.000671] On node 0, zone DMA: 352 pages in unavailable ranges
Sep 28 23:32:39 ggsd kernel: [    0.011576] On node 0, zone Normal: 7680 pages in unavailable ranges
Sep 28 23:32:39 ggsd kernel: [    0.011640] ACPI: LAPIC_NMI (acpi_id[0x01] dfl dfl lint[0x1])
Sep 28 23:32:39 ggsd kernel: [    0.011938] IOAPIC[0]: apic_id 16, version 17, address 0xfec00000, GSI 0-23
Sep 28 23:32:39 ggsd kernel: [    0.011942] ACPI: INT_SRC_OVR (bus 0 bus_irq 9 global_irq 9 high level)
Sep 28 23:32:39 ggsd kernel: [    0.011946] ACPI: Using ACPI (MADT) for SMP configuration information
Sep 28 23:32:39 ggsd kernel: [    0.011954] smpboot: Allowing 16 CPUs, 0 hotplug CPUs
Sep 28 23:32:39 ggsd kernel: [    0.011967] [mem 0xf8000000-0xffffffff] available for PCI devices
Sep 28 23:32:39 ggsd kernel: [    0.011968] Booting paravirtualized kernel on Hyper-V
Sep 28 23:32:39 ggsd kernel: [    0.011971] clocksource: refined-jiffies: mask: 0xffffffff max_cycles: 0xffffffff, max_idle_ns: 19112604462750000 ns
Sep 28 23:32:39 ggsd kernel: [    0.015757] setup_percpu: NR_CPUS:256 nr_cpumask_bits:256 nr_cpu_ids:16 nr_node_ids:1
Sep 28 23:32:39 ggsd kernel: [    0.016724] percpu: Embedded 53 pages/cpu s177496 r8192 d31400 u262144
Sep 28 23:32:39 ggsd kernel: [    0.016737] pcpu-alloc: s177496 r8192 d31400 u262144 alloc=1*2097152
Sep 28 23:32:39 ggsd kernel: [    0.016741] pcpu-alloc: [0] 00 01 02 03 04 05 06 07 [0] 08 09 10 11 12 13 14 15 
Sep 28 23:32:39 ggsd kernel: [    0.016759] Hyper-V: PV spinlocks enabled
Sep 28 23:32:39 ggsd kernel: [    0.016761] PV qspinlock hash table entries: 256 (order: 0, 4096 bytes, linear)
Sep 28 23:32:39 ggsd kernel: [    0.016766] Built 1 zonelists, mobility grouping on.  Total pages: 1959037
Sep 28 23:32:39 ggsd kernel: [    0.016769] Kernel command line: initrd=\initrd.img WSL_ROOT_INIT=1 panic=-1 nr_cpus=16 bonding.max_bonds=0 dummy.numdummies=0 fb_tunnels=none swiotlb=force console=hvc0 debug pty.legacy_count=0
Sep 28 23:32:39 ggsd kernel: [    0.016863] Unknown kernel command line parameters "WSL_ROOT_INIT=1", will be passed to user space.
Sep 28 23:32:39 ggsd kernel: [    0.018058] Dentry cache hash table entries: 1048576 (order: 11, 8388608 bytes, linear)
Sep 28 23:32:39 ggsd kernel: [    0.018649] Inode-cache hash table entries: 524288 (order: 10, 4194304 bytes, linear)
Sep 28 23:32:39 ggsd kernel: [    0.018730] mem auto-init: stack:off, heap alloc:off, heap free:off
Sep 28 23:32:39 ggsd kernel: [    0.042819] Memory: 4081468K/7963260K available (18452K kernel code, 2628K rwdata, 9776K rodata, 2008K init, 1892K bss, 252604K reserved, 0K cma-reserved)
Sep 28 23:32:39 ggsd kernel: [    0.042890] SLUB: HWalign=64, Order=0-3, MinObjects=0, CPUs=16, Nodes=1
Sep 28 23:32:39 ggsd kernel: [    0.042897] ftrace: allocating 54631 entries in 214 pages
Sep 28 23:32:39 ggsd kernel: [    0.062977] ftrace: allocated 214 pages with 5 groups
Sep 28 23:32:39 ggsd kernel: [    0.063265] rcu: Hierarchical RCU implementation.
Sep 28 23:32:39 ggsd kernel: [    0.063267] rcu: 	RCU restricting CPUs from NR_CPUS=256 to nr_cpu_ids=16.
Sep 28 23:32:39 ggsd kernel: [    0.063268] 	Rude variant of Tasks RCU enabled.
Sep 28 23:32:39 ggsd kernel: [    0.063269] 	Tracing variant of Tasks RCU enabled.
Sep 28 23:32:39 ggsd kernel: [    0.063270] rcu: RCU calculated value of scheduler-enlistment delay is 10 jiffies.
Sep 28 23:32:39 ggsd kernel: [    0.063271] rcu: Adjusting geometry for rcu_fanout_leaf=16, nr_cpu_ids=16
Sep 28 23:32:39 ggsd kernel: [    0.066670] Using NULL legacy PIC
Sep 28 23:32:39 ggsd kernel: [    0.066673] NR_IRQS: 16640, nr_irqs: 552, preallocated irqs: 0
Sep 28 23:32:39 ggsd kernel: [    0.067080] random: crng init done
Sep 28 23:32:39 ggsd kernel: [    0.067117] Console: colour dummy device 80x25
Sep 28 23:32:39 ggsd kernel: [    0.067129] ACPI: Core revision 20210730
Sep 28 23:32:39 ggsd kernel: [    0.067199] Failed to register legacy timer interrupt
Sep 28 23:32:39 ggsd kernel: [    0.067201] APIC: Switch to symmetric I/O mode setup
Sep 28 23:32:39 ggsd kernel: [    0.067203] Switched APIC routing to physical flat.
Sep 28 23:32:39 ggsd kernel: [    0.067226] Hyper-V: Using IPI hypercalls
Sep 28 23:32:39 ggsd kernel: [    0.067227] Hyper-V: Using enlightened APIC (xapic mode)
Sep 28 23:32:39 ggsd kernel: [    0.067323] clocksource: tsc-early: mask: 0xffffffffffffffff max_cycles: 0x2e09cf6d284, max_idle_ns: 440795338034 ns
Sep 28 23:32:39 ggsd kernel: [    0.067332] Calibrating delay loop (skipped), value calculated using timer frequency.. 6387.81 BogoMIPS (lpj=31939080)
Sep 28 23:32:39 ggsd kernel: [    0.067334] pid_max: default: 32768 minimum: 301
Sep 28 23:32:39 ggsd kernel: [    0.067350] LSM: Security Framework initializing
Sep 28 23:32:39 ggsd kernel: [    0.067354] landlock: Up and running.
Sep 28 23:32:39 ggsd kernel: [    0.067381] Mount-cache hash table entries: 16384 (order: 5, 131072 bytes, linear)
Sep 28 23:32:39 ggsd kernel: [    0.067392] Mountpoint-cache hash table entries: 16384 (order: 5, 131072 bytes, linear)
Sep 28 23:32:39 ggsd kernel: [    0.067611] x86/cpu: User Mode Instruction Prevention (UMIP) activated
Sep 28 23:32:39 ggsd kernel: [    0.067615] Last level iTLB entries: 4KB 512, 2MB 512, 4MB 256
Sep 28 23:32:39 ggsd kernel: [    0.067616] Last level dTLB entries: 4KB 2048, 2MB 2048, 4MB 1024, 1GB 0
Sep 28 23:32:39 ggsd kernel: [    0.067620] Spectre V1 : Mitigation: usercopy/swapgs barriers and __user pointer sanitization
Sep 28 23:32:39 ggsd kernel: [    0.067622] Spectre V2 : Mitigation: Retpolines
Sep 28 23:32:39 ggsd kernel: [    0.067623] Spectre V2 : Spectre v2 / SpectreRSB mitigation: Filling RSB on context switch
Sep 28 23:32:39 ggsd kernel: [    0.067623] Spectre V2 : Spectre v2 / SpectreRSB : Filling RSB on VMEXIT
Sep 28 23:32:39 ggsd kernel: [    0.067624] Spectre V2 : Enabling Restricted Speculation for firmware calls
Sep 28 23:32:39 ggsd kernel: [    0.067625] Spectre V2 : mitigation: Enabling conditional Indirect Branch Prediction Barrier
Sep 28 23:32:39 ggsd kernel: [    0.067626] Spectre V2 : User space: Mitigation: STIBP via seccomp and prctl
Sep 28 23:32:39 ggsd kernel: [    0.067627] Speculative Store Bypass: Mitigation: Speculative Store Bypass disabled via prctl and seccomp
Sep 28 23:32:39 ggsd kernel: [    0.077326] Freeing SMP alternatives memory: 60K
Sep 28 23:32:39 ggsd kernel: [    0.077326] smpboot: CPU0: AMD Ryzen 7 6800H with Radeon Graphics (family: 0x19, model: 0x44, stepping: 0x1)
Sep 28 23:32:39 ggsd kernel: [    0.077326] Performance Events: Fam17h+ core perfctr, AMD PMU driver.
Sep 28 23:32:39 ggsd kernel: [    0.077326] ... version:                0
Sep 28 23:32:39 ggsd kernel: [    0.077326] ... bit width:              48
Sep 28 23:32:39 ggsd kernel: [    0.077326] ... generic registers:      6
Sep 28 23:32:39 ggsd kernel: [    0.077326] ... value mask:             0000ffffffffffff
Sep 28 23:32:39 ggsd kernel: [    0.077326] ... max period:             00007fffffffffff
Sep 28 23:32:39 ggsd kernel: [    0.077326] ... fixed-purpose events:   0
Sep 28 23:32:39 ggsd kernel: [    0.077326] ... event mask:             000000000000003f
Sep 28 23:32:39 ggsd kernel: [    0.077326] rcu: Hierarchical SRCU implementation.
Sep 28 23:32:39 ggsd kernel: [    0.077326] smp: Bringing up secondary CPUs ...
Sep 28 23:32:39 ggsd kernel: [    0.077326] x86: Booting SMP configuration:
Sep 28 23:32:39 ggsd kernel: [    0.077326] .... node  #0, CPUs:        #1  #2  #3  #4  #5  #6  #7  #8  #9 #10 #11 #12 #13 #14 #15
Sep 28 23:32:39 ggsd kernel: [    0.077326] smp: Brought up 1 node, 16 CPUs
Sep 28 23:32:39 ggsd kernel: [    0.077326] smpboot: Max logical packages: 1
Sep 28 23:32:39 ggsd kernel: [    0.077326] smpboot: Total of 16 processors activated (102205.05 BogoMIPS)
Sep 28 23:32:39 ggsd kernel: [    0.080380] node 0 deferred pages initialised in 0ms
Sep 28 23:32:39 ggsd kernel: [    0.080692] devtmpfs: initialized
Sep 28 23:32:39 ggsd kernel: [    0.080692] x86/mm: Memory block size: 128MB
Sep 28 23:32:39 ggsd kernel: [    0.080692] clocksource: jiffies: mask: 0xffffffff max_cycles: 0xffffffff, max_idle_ns: 19112604462750000 ns
Sep 28 23:32:39 ggsd kernel: [    0.080692] futex hash table entries: 4096 (order: 6, 262144 bytes, linear)
Sep 28 23:32:39 ggsd kernel: [    0.080692] NET: Registered PF_NETLINK/PF_ROUTE protocol family
Sep 28 23:32:39 ggsd kernel: [    0.080692] thermal_sys: Registered thermal governor 'step_wise'
Sep 28 23:32:39 ggsd kernel: [    0.080692] cpuidle: using governor menu
Sep 28 23:32:39 ggsd kernel: [    0.080692] ACPI: bus type PCI registered
Sep 28 23:32:39 ggsd kernel: [    0.080692] PCI: Fatal: No config space access function found
Sep 28 23:32:39 ggsd kernel: [    0.080692] Kprobes globally optimized
Sep 28 23:32:39 ggsd kernel: [    0.080692] HugeTLB registered 1.00 GiB page size, pre-allocated 0 pages
Sep 28 23:32:39 ggsd kernel: [    0.080692] HugeTLB registered 2.00 MiB page size, pre-allocated 0 pages
Sep 28 23:32:39 ggsd kernel: [    0.087333] raid6: skip pq benchmark and using algorithm avx2x4
Sep 28 23:32:39 ggsd kernel: [    0.087336] raid6: using avx2x2 recovery algorithm
Sep 28 23:32:39 ggsd kernel: [    0.087351] ACPI: Added _OSI(Module Device)
Sep 28 23:32:39 ggsd kernel: [    0.087352] ACPI: Added _OSI(Processor Device)
Sep 28 23:32:39 ggsd kernel: [    0.087354] ACPI: Added _OSI(3.0 _SCP Extensions)
Sep 28 23:32:39 ggsd kernel: [    0.087355] ACPI: Added _OSI(Processor Aggregator Device)
Sep 28 23:32:39 ggsd kernel: [    0.087356] ACPI: Added _OSI(Linux-Dell-Video)
Sep 28 23:32:39 ggsd kernel: [    0.087357] ACPI: Added _OSI(Linux-Lenovo-NV-HDMI-Audio)
Sep 28 23:32:39 ggsd kernel: [    0.087358] ACPI: Added _OSI(Linux-HPI-Hybrid-Graphics)
Sep 28 23:32:39 ggsd kernel: [    0.090521] ACPI: 1 ACPI AML tables successfully acquired and loaded
Sep 28 23:32:39 ggsd kernel: [    0.091164] ACPI: Interpreter enabled
Sep 28 23:32:39 ggsd kernel: [    0.091167] ACPI: PM: (supports S0 S5)
Sep 28 23:32:39 ggsd kernel: [    0.091169] ACPI: Using IOAPIC for interrupt routing
Sep 28 23:32:39 ggsd kernel: [    0.091179] PCI: Using host bridge windows from ACPI; if necessary, use "pci=nocrs" and report a bug
Sep 28 23:32:39 ggsd kernel: [    0.091283] ACPI: Enabled 2 GPEs in block 00 to 0F
Sep 28 23:32:39 ggsd kernel: [    0.092223] iommu: Default domain type: Translated 
Sep 28 23:32:39 ggsd kernel: [    0.092225] iommu: DMA domain TLB invalidation policy: lazy mode 
Sep 28 23:32:39 ggsd kernel: [    0.092295] SCSI subsystem initialized
Sep 28 23:32:39 ggsd kernel: [    0.092302] ACPI: bus type USB registered
Sep 28 23:32:39 ggsd kernel: [    0.092309] usbcore: registered new interface driver usbfs
Sep 28 23:32:39 ggsd kernel: [    0.092312] usbcore: registered new interface driver hub
Sep 28 23:32:39 ggsd kernel: [    0.092316] usbcore: registered new device driver usb
Sep 28 23:32:39 ggsd kernel: [    0.092323] pps_core: LinuxPPS API ver. 1 registered
Sep 28 23:32:39 ggsd kernel: [    0.092324] pps_core: Software ver. 5.3.6 - Copyright 2005-2007 Rodolfo Giometti <giometti@linux.it>
Sep 28 23:32:39 ggsd kernel: [    0.092325] PTP clock support registered
Sep 28 23:32:39 ggsd kernel: [    0.092353] hv_vmbus: Vmbus version:5.3
Sep 28 23:32:39 ggsd kernel: [    0.092353] PCI: Using ACPI for IRQ routing
Sep 28 23:32:39 ggsd kernel: [    0.092353] PCI: System does not support PCI
Sep 28 23:32:39 ggsd kernel: [    0.092353] clocksource: Switched to clocksource tsc-early
Sep 28 23:32:39 ggsd kernel: [    0.092353] hv_vmbus: Unknown GUID: c376c1c3-d276-48d2-90a9-c04748072c60
Sep 28 23:32:39 ggsd kernel: [    0.092353] hv_vmbus: Unknown GUID: 6e382d18-3336-4f4b-acc4-2b7703d4df4a
Sep 28 23:32:39 ggsd kernel: [    0.092353] hv_vmbus: Unknown GUID: dde9cbc0-5060-4436-9448-ea1254a5d177
Sep 28 23:32:39 ggsd kernel: [    0.094838] VFS: Disk quotas dquot_6.6.0
Sep 28 23:32:39 ggsd kernel: [    0.094853] VFS: Dquot-cache hash table entries: 512 (order 0, 4096 bytes)
Sep 28 23:32:39 ggsd kernel: [    0.094870] FS-Cache: Loaded
Sep 28 23:32:39 ggsd kernel: [    0.094898] pnp: PnP ACPI init
Sep 28 23:32:39 ggsd kernel: [    0.095151] pnp: PnP ACPI: found 1 devices
Sep 28 23:32:39 ggsd kernel: [    0.098532] NET: Registered PF_INET protocol family
Sep 28 23:32:39 ggsd kernel: [    0.098771] IP idents hash table entries: 131072 (order: 8, 1048576 bytes, linear)
Sep 28 23:32:39 ggsd kernel: [    0.099179] tcp_listen_portaddr_hash hash table entries: 4096 (order: 4, 65536 bytes, linear)
Sep 28 23:32:39 ggsd kernel: [    0.099187] Table-perturb hash table entries: 65536 (order: 6, 262144 bytes, linear)
Sep 28 23:32:39 ggsd kernel: [    0.099190] TCP established hash table entries: 65536 (order: 7, 524288 bytes, linear)
Sep 28 23:32:39 ggsd kernel: [    0.099235] TCP bind hash table entries: 65536 (order: 8, 1048576 bytes, linear)
Sep 28 23:32:39 ggsd kernel: [    0.099446] TCP: Hash tables configured (established 65536 bind 65536)
Sep 28 23:32:39 ggsd kernel: [    0.099470] UDP hash table entries: 4096 (order: 5, 131072 bytes, linear)
Sep 28 23:32:39 ggsd kernel: [    0.099483] UDP-Lite hash table entries: 4096 (order: 5, 131072 bytes, linear)
Sep 28 23:32:39 ggsd kernel: [    0.099511] NET: Registered PF_UNIX/PF_LOCAL protocol family
Sep 28 23:32:39 ggsd kernel: [    0.099813] RPC: Registered named UNIX socket transport module.
Sep 28 23:32:39 ggsd kernel: [    0.099815] RPC: Registered udp transport module.
Sep 28 23:32:39 ggsd kernel: [    0.099815] RPC: Registered tcp transport module.
Sep 28 23:32:39 ggsd kernel: [    0.099816] RPC: Registered tcp NFSv4.1 backchannel transport module.
Sep 28 23:32:39 ggsd kernel: [    0.099818] PCI: CLS 0 bytes, default 64
Sep 28 23:32:39 ggsd kernel: [    0.099837] PCI-DMA: Using software bounce buffering for IO (SWIOTLB)
Sep 28 23:32:39 ggsd kernel: [    0.099838] software IO TLB: mapped [mem 0x00000000f4000000-0x00000000f8000000] (64MB)
Sep 28 23:32:39 ggsd kernel: [    0.099890] kvm: no hardware support
Sep 28 23:32:39 ggsd kernel: [    0.100031] Trying to unpack rootfs image as initramfs...
Sep 28 23:32:39 ggsd kernel: [    0.100736] Freeing initrd memory: 1936K
Sep 28 23:32:39 ggsd kernel: [    0.186112] kvm: Nested Virtualization enabled
Sep 28 23:32:39 ggsd kernel: [    0.186117] SVM: kvm: Nested Paging enabled
Sep 28 23:32:39 ggsd kernel: [    0.186119] SVM: kvm: Hyper-V enlightened NPT TLB flush enabled
Sep 28 23:32:39 ggsd kernel: [    0.186120] SVM: kvm: Hyper-V Direct TLB Flush enabled
Sep 28 23:32:39 ggsd kernel: [    0.186136] SVM: Virtual VMLOAD VMSAVE supported
Sep 28 23:32:39 ggsd kernel: [    0.259670] Initialise system trusted keyrings
Sep 28 23:32:39 ggsd kernel: [    0.259764] workingset: timestamp_bits=46 max_order=21 bucket_order=0
Sep 28 23:32:39 ggsd kernel: [    0.260278] squashfs: version 4.0 (2009/01/31) Phillip Lougher
Sep 28 23:32:39 ggsd kernel: [    0.260443] NFS: Registering the id_resolver key type
Sep 28 23:32:39 ggsd kernel: [    0.260449] Key type id_resolver registered
Sep 28 23:32:39 ggsd kernel: [    0.260450] Key type id_legacy registered
Sep 28 23:32:39 ggsd kernel: [    0.260452] nfs4filelayout_init: NFSv4 File Layout Driver Registering...
Sep 28 23:32:39 ggsd kernel: [    0.260455] nfs4flexfilelayout_init: NFSv4 Flexfile Layout Driver Registering...
Sep 28 23:32:39 ggsd kernel: [    0.260456] Installing knfsd (copyright (C) 1996 okir@monad.swb.de).
Sep 28 23:32:39 ggsd kernel: [    0.261098] Key type cifs.idmap registered
Sep 28 23:32:39 ggsd kernel: [    0.261156] fuse: init (API version 7.34)
Sep 28 23:32:39 ggsd kernel: [    0.261251] SGI XFS with ACLs, security attributes, realtime, scrub, repair, quota, no debug enabled
Sep 28 23:32:39 ggsd kernel: [    0.261468] 9p: Installing v9fs 9p2000 file system support
Sep 28 23:32:39 ggsd kernel: [    0.261476] FS-Cache: Netfs '9p' registered for caching
Sep 28 23:32:39 ggsd kernel: [    0.261502] FS-Cache: Netfs 'ceph' registered for caching
Sep 28 23:32:39 ggsd kernel: [    0.261503] ceph: loaded (mds proto 32)
Sep 28 23:32:39 ggsd kernel: [    0.264341] NET: Registered PF_ALG protocol family
Sep 28 23:32:39 ggsd kernel: [    0.264344] xor: automatically using best checksumming function   avx       
Sep 28 23:32:39 ggsd kernel: [    0.264347] Key type asymmetric registered
Sep 28 23:32:39 ggsd kernel: [    0.264347] Asymmetric key parser 'x509' registered
Sep 28 23:32:39 ggsd kernel: [    0.264370] Block layer SCSI generic (bsg) driver version 0.4 loaded (major 248)
Sep 28 23:32:39 ggsd kernel: [    0.265015] hv_vmbus: registering driver hv_pci
Sep 28 23:32:39 ggsd kernel: [    0.265299] hv_pci 1e7a00e9-5daa-4c49-9d0e-edf4ed359882: PCI VMBus probing: Using version 0x10004
Sep 28 23:32:39 ggsd kernel: [    0.266055] hv_pci 1e7a00e9-5daa-4c49-9d0e-edf4ed359882: PCI host bridge to bus 5daa:00
Sep 28 23:32:39 ggsd kernel: [    0.266057] pci_bus 5daa:00: root bus resource [mem 0x9ffe00000-0x9ffe02fff window]
Sep 28 23:32:39 ggsd kernel: [    0.266059] pci_bus 5daa:00: No busn resource found for root bus, will use [bus 00-ff]
Sep 28 23:32:39 ggsd kernel: [    0.266594] pci 5daa:00:00.0: [1af4:1043] type 00 class 0x010000
Sep 28 23:32:39 ggsd kernel: [    0.267277] pci 5daa:00:00.0: reg 0x10: [mem 0x9ffe00000-0x9ffe00fff 64bit]
Sep 28 23:32:39 ggsd kernel: [    0.267772] pci 5daa:00:00.0: reg 0x18: [mem 0x9ffe01000-0x9ffe01fff 64bit]
Sep 28 23:32:39 ggsd kernel: [    0.268192] pci 5daa:00:00.0: reg 0x20: [mem 0x9ffe02000-0x9ffe02fff 64bit]
Sep 28 23:32:39 ggsd kernel: [    0.270446] pci_bus 5daa:00: busn_res: [bus 00-ff] end is updated to 00
Sep 28 23:32:39 ggsd kernel: [    0.270454] pci 5daa:00:00.0: BAR 0: assigned [mem 0x9ffe00000-0x9ffe00fff 64bit]
Sep 28 23:32:39 ggsd kernel: [    0.270827] pci 5daa:00:00.0: BAR 2: assigned [mem 0x9ffe01000-0x9ffe01fff 64bit]
Sep 28 23:32:39 ggsd kernel: [    0.271175] pci 5daa:00:00.0: BAR 4: assigned [mem 0x9ffe02000-0x9ffe02fff 64bit]
Sep 28 23:32:39 ggsd kernel: [    0.271846] hv_pci 9304df63-164e-4830-a62b-77fb993c3679: PCI VMBus probing: Using version 0x10004
Sep 28 23:32:39 ggsd kernel: [    0.272422] hv_pci 9304df63-164e-4830-a62b-77fb993c3679: PCI host bridge to bus 164e:00
Sep 28 23:32:39 ggsd kernel: [    0.272425] pci_bus 164e:00: No busn resource found for root bus, will use [bus 00-ff]
Sep 28 23:32:39 ggsd kernel: [    0.272677] pci 164e:00:00.0: [1414:008e] type 00 class 0x030200
Sep 28 23:32:39 ggsd kernel: [    0.275587] pci_bus 164e:00: busn_res: [bus 00-ff] end is updated to 00
Sep 28 23:32:39 ggsd kernel: [    0.275897] hv_pci ca271f04-3750-4175-be0f-e2b3e95d69d7: PCI VMBus probing: Using version 0x10004
Sep 28 23:32:39 ggsd kernel: [    0.276945] hv_pci ca271f04-3750-4175-be0f-e2b3e95d69d7: PCI host bridge to bus 3750:00
Sep 28 23:32:39 ggsd kernel: [    0.276949] pci_bus 3750:00: root bus resource [mem 0x9ffe04000-0x9ffe06fff window]
Sep 28 23:32:39 ggsd kernel: [    0.276951] pci_bus 3750:00: No busn resource found for root bus, will use [bus 00-ff]
Sep 28 23:32:39 ggsd kernel: [    0.277749] pci 3750:00:00.0: [1af4:1049] type 00 class 0x010000
Sep 28 23:32:39 ggsd kernel: [    0.278441] pci 3750:00:00.0: reg 0x10: [mem 0x9ffe04000-0x9ffe04fff 64bit]
Sep 28 23:32:39 ggsd kernel: [    0.278893] pci 3750:00:00.0: reg 0x18: [mem 0x9ffe05000-0x9ffe05fff 64bit]
Sep 28 23:32:39 ggsd kernel: [    0.279339] pci 3750:00:00.0: reg 0x20: [mem 0x9ffe06000-0x9ffe06fff 64bit]
Sep 28 23:32:39 ggsd kernel: [    0.281769] pci_bus 3750:00: busn_res: [bus 00-ff] end is updated to 00
Sep 28 23:32:39 ggsd kernel: [    0.281776] pci 3750:00:00.0: BAR 0: assigned [mem 0x9ffe04000-0x9ffe04fff 64bit]
Sep 28 23:32:39 ggsd kernel: [    0.282123] pci 3750:00:00.0: BAR 2: assigned [mem 0x9ffe05000-0x9ffe05fff 64bit]
Sep 28 23:32:39 ggsd kernel: [    0.282449] pci 3750:00:00.0: BAR 4: assigned [mem 0x9ffe06000-0x9ffe06fff 64bit]
Sep 28 23:32:39 ggsd kernel: [    0.282956] ACPI: AC: AC Adapter [AC1] (on-line)
Sep 28 23:32:39 ggsd kernel: [    0.283985] ACPI: battery: Slot [BAT1] (battery present)
Sep 28 23:32:39 ggsd kernel: [    0.291035] Serial: 8250/16550 driver, 4 ports, IRQ sharing disabled
Sep 28 23:32:39 ggsd kernel: [    0.317865] Non-volatile memory driver v1.3
Sep 28 23:32:39 ggsd kernel: [    0.318096] [drm] Initialized vgem 1.0.0 20120112 for vgem on minor 0
Sep 28 23:32:39 ggsd kernel: [    0.318856] printk: console [hvc0] enabled
Sep 28 23:32:39 ggsd kernel: [    0.320991] brd: module loaded
Sep 28 23:32:39 ggsd kernel: [    0.321966] loop: module loaded
Sep 28 23:32:39 ggsd kernel: [    0.322245] hv_vmbus: registering driver hv_storvsc
Sep 28 23:32:39 ggsd kernel: [    0.322591] wireguard: WireGuard 1.0.0 loaded. See www.wireguard.com for information.
Sep 28 23:32:39 ggsd kernel: [    0.323003] wireguard: Copyright (C) 2015-2019 Jason A. Donenfeld <Jason@zx2c4.com>. All Rights Reserved.
Sep 28 23:32:39 ggsd kernel: [    0.323433] tun: Universal TUN/TAP device driver, 1.6
Sep 28 23:32:39 ggsd kernel: [    0.323666] scsi host0: storvsc_host_t
Sep 28 23:32:39 ggsd kernel: [    0.323961] PPP generic driver version 2.4.2
Sep 28 23:32:39 ggsd kernel: [    0.324454] PPP BSD Compression module registered
Sep 28 23:32:39 ggsd kernel: [    0.324738] PPP Deflate Compression module registered
Sep 28 23:32:39 ggsd kernel: [    0.325014] PPP MPPE Compression module registered
Sep 28 23:32:39 ggsd kernel: [    0.325242] NET: Registered PF_PPPOX protocol family
Sep 28 23:32:39 ggsd kernel: [    0.325530] usbcore: registered new interface driver cdc_ether
Sep 28 23:32:39 ggsd kernel: [    0.325828] usbcore: registered new interface driver cdc_ncm
Sep 28 23:32:39 ggsd kernel: [    0.326108] usbcore: registered new interface driver r8153_ecm
Sep 28 23:32:39 ggsd kernel: [    0.326390] hv_vmbus: registering driver hv_netvsc
Sep 28 23:32:39 ggsd kernel: [    0.326767] VFIO - User Level meta-driver version: 0.3
Sep 28 23:32:39 ggsd kernel: [    0.327214] usbcore: registered new interface driver cdc_acm
Sep 28 23:32:39 ggsd kernel: [    0.327604] cdc_acm: USB Abstract Control Model driver for USB modems and ISDN adapters
Sep 28 23:32:39 ggsd kernel: [    0.328167] usbcore: registered new interface driver ch341
Sep 28 23:32:39 ggsd kernel: [    0.328420] usbserial: USB Serial support registered for ch341-uart
Sep 28 23:32:39 ggsd kernel: [    0.328711] usbcore: registered new interface driver cp210x
Sep 28 23:32:39 ggsd kernel: [    0.328943] usbserial: USB Serial support registered for cp210x
Sep 28 23:32:39 ggsd kernel: [    0.329259] usbcore: registered new interface driver ftdi_sio
Sep 28 23:32:39 ggsd kernel: [    0.329517] usbserial: USB Serial support registered for FTDI USB Serial Device
Sep 28 23:32:39 ggsd kernel: [    0.330172] vhci_hcd vhci_hcd.0: USB/IP Virtual Host Controller
Sep 28 23:32:39 ggsd kernel: [    0.330500] vhci_hcd vhci_hcd.0: new USB bus registered, assigned bus number 1
Sep 28 23:32:39 ggsd kernel: [    0.330835] vhci_hcd: created sysfs vhci_hcd.0
Sep 28 23:32:39 ggsd kernel: [    0.331187] usb usb1: New USB device found, idVendor=1d6b, idProduct=0002, bcdDevice= 5.15
Sep 28 23:32:39 ggsd kernel: [    0.331621] usb usb1: New USB device strings: Mfr=3, Product=2, SerialNumber=1
Sep 28 23:32:39 ggsd kernel: [    0.332072] usb usb1: Product: USB/IP Virtual Host Controller
Sep 28 23:32:39 ggsd kernel: [    0.332371] usb usb1: Manufacturer: Linux 5.15.90.1-microsoft-standard-WSL2 vhci_hcd
Sep 28 23:32:39 ggsd kernel: [    0.332674] usb usb1: SerialNumber: vhci_hcd.0
Sep 28 23:32:39 ggsd kernel: [    0.333205] hub 1-0:1.0: USB hub found
Sep 28 23:32:39 ggsd kernel: [    0.333428] hub 1-0:1.0: 8 ports detected
Sep 28 23:32:39 ggsd kernel: [    0.333845] vhci_hcd vhci_hcd.0: USB/IP Virtual Host Controller
Sep 28 23:32:39 ggsd kernel: [    0.334172] vhci_hcd vhci_hcd.0: new USB bus registered, assigned bus number 2
Sep 28 23:32:39 ggsd kernel: [    0.334547] usb usb2: We don't know the algorithms for LPM for this host, disabling LPM.
Sep 28 23:32:39 ggsd kernel: [    0.335054] usb usb2: New USB device found, idVendor=1d6b, idProduct=0003, bcdDevice= 5.15
Sep 28 23:32:39 ggsd kernel: [    0.335360] usb usb2: New USB device strings: Mfr=3, Product=2, SerialNumber=1
Sep 28 23:32:39 ggsd kernel: [    0.335646] usb usb2: Product: USB/IP Virtual Host Controller
Sep 28 23:32:39 ggsd kernel: [    0.335954] usb usb2: Manufacturer: Linux 5.15.90.1-microsoft-standard-WSL2 vhci_hcd
Sep 28 23:32:39 ggsd kernel: [    0.336318] usb usb2: SerialNumber: vhci_hcd.0
Sep 28 23:32:39 ggsd kernel: [    0.336707] hub 2-0:1.0: USB hub found
Sep 28 23:32:39 ggsd kernel: [    0.336928] hub 2-0:1.0: 8 ports detected
Sep 28 23:32:39 ggsd kernel: [    0.337378] hv_vmbus: registering driver hyperv_keyboard
Sep 28 23:32:39 ggsd kernel: [    0.337620] rtc_cmos 00:00: RTC can wake from S4
Sep 28 23:32:39 ggsd kernel: [    0.338809] rtc_cmos 00:00: registered as rtc0
Sep 28 23:32:39 ggsd kernel: [    0.339234] rtc_cmos 00:00: setting system clock to 2023-09-28T15:32:35 UTC (1695915155)
Sep 28 23:32:39 ggsd kernel: [    0.339805] rtc_cmos 00:00: alarms up to one month, 114 bytes nvram
Sep 28 23:32:39 ggsd kernel: [    0.340405] device-mapper: ioctl: 4.45.0-ioctl (2021-03-22) initialised: dm-devel@redhat.com
Sep 28 23:32:39 ggsd kernel: [    0.341012] device-mapper: raid: Loading target version 1.15.1
Sep 28 23:32:39 ggsd kernel: [    0.341409] usbcore: registered new interface driver usbhid
Sep 28 23:32:39 ggsd kernel: [    0.341617] usbhid: USB HID core driver
Sep 28 23:32:39 ggsd kernel: [    0.341826] hv_utils: Registering HyperV Utility Driver
Sep 28 23:32:39 ggsd kernel: [    0.342056] hv_vmbus: registering driver hv_utils
Sep 28 23:32:39 ggsd kernel: [    0.342315] hv_vmbus: registering driver hv_balloon
Sep 28 23:32:39 ggsd kernel: [    0.342609] hv_vmbus: registering driver dxgkrnl
Sep 28 23:32:39 ggsd kernel: [    0.342662] hv_utils: TimeSync IC version 4.0
Sep 28 23:32:39 ggsd kernel: [    0.343450] hv_balloon: Using Dynamic Memory protocol version 2.0
Sep 28 23:32:39 ggsd kernel: [    0.343676] drop_monitor: Initializing network drop monitor service
Sep 28 23:32:39 ggsd kernel: [    0.344483] Mirror/redirect action on
Sep 28 23:32:39 ggsd kernel: [    0.344709] Free page reporting enabled
Sep 28 23:32:39 ggsd kernel: [    0.344715] u32 classifier
Sep 28 23:32:39 ggsd kernel: [    0.344939] hv_balloon: Cold memory discard hint enabled with order 9
Sep 28 23:32:39 ggsd kernel: [    0.345058]     Performance counters on
Sep 28 23:32:39 ggsd kernel: [    0.345059]     input device check on
Sep 28 23:32:39 ggsd kernel: [    0.345904]     Actions configured
Sep 28 23:32:39 ggsd kernel: [    0.346877] IPVS: Registered protocols (TCP, UDP)
Sep 28 23:32:39 ggsd kernel: [    0.347260] IPVS: Connection hash table configured (size=4096, memory=32Kbytes)
Sep 28 23:32:39 ggsd kernel: [    0.347784] IPVS: ipvs loaded.
Sep 28 23:32:39 ggsd kernel: [    0.347997] IPVS: [rr] scheduler registered.
Sep 28 23:32:39 ggsd kernel: [    0.348216] IPVS: [wrr] scheduler registered.
Sep 28 23:32:39 ggsd kernel: [    0.348409] IPVS: [sh] scheduler registered.
Sep 28 23:32:39 ggsd kernel: [    0.348655] ipip: IPv4 and MPLS over IPv4 tunneling driver
Sep 28 23:32:39 ggsd kernel: [    0.348893] ipt_CLUSTERIP: ClusterIP Version 0.8 loaded successfully
Sep 28 23:32:39 ggsd kernel: [    0.349163] Initializing XFRM netlink socket
Sep 28 23:32:39 ggsd kernel: [    0.349396] NET: Registered PF_INET6 protocol family
Sep 28 23:32:39 ggsd kernel: [    0.349990] Segment Routing with IPv6
Sep 28 23:32:39 ggsd kernel: [    0.350206] In-situ OAM (IOAM) with IPv6
Sep 28 23:32:39 ggsd kernel: [    0.350372] sit: IPv6, IPv4 and MPLS over IPv4 tunneling driver
Sep 28 23:32:39 ggsd kernel: [    0.350614] NET: Registered PF_PACKET protocol family
Sep 28 23:32:39 ggsd kernel: [    0.350823] Bridge firewalling registered
Sep 28 23:32:39 ggsd kernel: [    0.350975] 8021q: 802.1Q VLAN Support v1.8
Sep 28 23:32:39 ggsd kernel: [    0.351135] sctp: Hash tables configured (bind 256/256)
Sep 28 23:32:39 ggsd kernel: [    0.351366] 9pnet: Installing 9P2000 support
Sep 28 23:32:39 ggsd kernel: [    0.362543] Key type dns_resolver registered
Sep 28 23:32:39 ggsd kernel: [    0.362892] Key type ceph registered
Sep 28 23:32:39 ggsd kernel: [    0.363188] libceph: loaded (mon/osd proto 15/24)
Sep 28 23:32:39 ggsd kernel: [    0.363536] NET: Registered PF_VSOCK protocol family
Sep 28 23:32:39 ggsd kernel: [    0.363823] hv_vmbus: registering driver hv_sock
Sep 28 23:32:39 ggsd kernel: [    0.364173] IPI shorthand broadcast: enabled
Sep 28 23:32:39 ggsd kernel: [    0.364450] sched_clock: Marking stable (363076449, 447400)->(390807600, -27283751)
Sep 28 23:32:39 ggsd kernel: [    0.365419] registered taskstats version 1
Sep 28 23:32:39 ggsd kernel: [    0.366080] Loading compiled-in X.509 certificates
Sep 28 23:32:39 ggsd kernel: [    0.367122] Btrfs loaded, crc32c=crc32c-generic, zoned=no, fsverity=no
Sep 28 23:32:39 ggsd kernel: [    0.368544] Freeing unused kernel image (initmem) memory: 2008K
Sep 28 23:32:39 ggsd kernel: [    0.417399] Write protecting the kernel read-only data: 30720k
Sep 28 23:32:39 ggsd kernel: [    0.418813] Freeing unused kernel image (text/rodata gap) memory: 2024K
Sep 28 23:32:39 ggsd kernel: [    0.419309] Freeing unused kernel image (rodata/data gap) memory: 464K
Sep 28 23:32:39 ggsd kernel: [    0.419567] Run /init as init process
Sep 28 23:32:39 ggsd kernel: [    0.419706]   with arguments:
Sep 28 23:32:39 ggsd kernel: [    0.419845]     /init
Sep 28 23:32:39 ggsd kernel: [    0.419946]   with environment:
Sep 28 23:32:39 ggsd kernel: [    0.420102]     HOME=/
Sep 28 23:32:39 ggsd kernel: [    0.420197]     TERM=linux
Sep 28 23:32:39 ggsd kernel: [    0.420343]     WSL_ROOT_INIT=1
Sep 28 23:32:39 ggsd kernel: [    0.424377] scsi 0:0:0:0: Direct-Access     Msft     Virtual Disk     1.0  PQ: 0 ANSI: 5
Sep 28 23:32:39 ggsd kernel: [    0.425264] sd 0:0:0:0: Attached scsi generic sg0 type 0
Sep 28 23:32:39 ggsd kernel: [    0.425770] sd 0:0:0:0: [sda] 744080 512-byte logical blocks: (381 MB/363 MiB)
Sep 28 23:32:39 ggsd kernel: [    0.426227] sd 0:0:0:0: [sda] Write Protect is on
Sep 28 23:32:39 ggsd kernel: [    0.426477] sd 0:0:0:0: [sda] Mode Sense: 0f 00 80 00
Sep 28 23:32:39 ggsd kernel: [    0.426844] sd 0:0:0:0: [sda] Write cache: disabled, read cache: enabled, doesn't support DPO or FUA
Sep 28 23:32:39 ggsd kernel: [    0.938379] EXT4-fs (sda): mounted filesystem without journal. Opts: (null). Quota mode: none.
Sep 28 23:32:39 ggsd kernel: [    1.019900] IPv6: ADDRCONF(NETDEV_CHANGE): eth0: link becomes ready
Sep 28 23:32:39 ggsd kernel: [    1.147989] sd 0:0:0:0: [sda] Attached SCSI disk
Sep 28 23:32:39 ggsd kernel: [    1.203046] hv_pci dc1cb033-2eba-42dc-88b7-b113df2be463: PCI VMBus probing: Using version 0x10004
Sep 28 23:32:39 ggsd kernel: [    1.204918] hv_pci dc1cb033-2eba-42dc-88b7-b113df2be463: PCI host bridge to bus 2eba:00
Sep 28 23:32:39 ggsd kernel: [    1.205317] pci_bus 2eba:00: root bus resource [mem 0xc00000000-0xe00001fff window]
Sep 28 23:32:39 ggsd kernel: [    1.205678] pci_bus 2eba:00: No busn resource found for root bus, will use [bus 00-ff]
Sep 28 23:32:39 ggsd kernel: [    1.206632] pci 2eba:00:00.0: [1af4:105a] type 00 class 0x088000
Sep 28 23:32:39 ggsd kernel: [    1.209435] pci 2eba:00:00.0: reg 0x10: [mem 0xe00000000-0xe00000fff 64bit]
Sep 28 23:32:39 ggsd kernel: [    1.211970] pci 2eba:00:00.0: reg 0x18: [mem 0xe00001000-0xe00001fff 64bit]
Sep 28 23:32:39 ggsd kernel: [    1.214015] pci 2eba:00:00.0: reg 0x20: [mem 0xc00000000-0xdffffffff 64bit]
Sep 28 23:32:39 ggsd kernel: [    1.217887] pci_bus 2eba:00: busn_res: [bus 00-ff] end is updated to 00
Sep 28 23:32:39 ggsd kernel: [    1.218324] pci 2eba:00:00.0: BAR 4: assigned [mem 0xc00000000-0xdffffffff 64bit]
Sep 28 23:32:39 ggsd kernel: [    1.220346] pci 2eba:00:00.0: BAR 0: assigned [mem 0xe00000000-0xe00000fff 64bit]
Sep 28 23:32:39 ggsd kernel: [    1.222216] pci 2eba:00:00.0: BAR 2: assigned [mem 0xe00001000-0xe00001fff 64bit]
Sep 28 23:32:39 ggsd kernel: [    1.233574] virtiofs virtio2: Cache len: 0x200000000 @ 0xc00000000
Sep 28 23:32:39 ggsd kernel: [    1.308922] memmap_init_zone_device initialised 2097152 pages in 20ms
Sep 28 23:32:39 ggsd kernel: [    1.317014] FS-Cache: Duplicate cookie detected
Sep 28 23:32:39 ggsd kernel: [    1.317487] FS-Cache: O-cookie c=00000004 [p=00000002 fl=222 nc=0 na=1]
Sep 28 23:32:39 ggsd kernel: [    1.317823] FS-Cache: O-cookie d=000000009ee80929{9P.session} n=00000000e7c6fbbe
Sep 28 23:32:39 ggsd kernel: [    1.318185] FS-Cache: O-key=[10] '34323934393337343231'
Sep 28 23:32:39 ggsd kernel: [    1.318459] FS-Cache: N-cookie c=00000005 [p=00000002 fl=2 nc=0 na=1]
Sep 28 23:32:39 ggsd kernel: [    1.318774] FS-Cache: N-cookie d=000000009ee80929{9P.session} n=00000000d8caaacb
Sep 28 23:32:39 ggsd kernel: [    1.319255] FS-Cache: N-key=[10] '34323934393337343231'
Sep 28 23:32:39 ggsd kernel: [    1.337397] clocksource: tsc: mask: 0xffffffffffffffff max_cycles: 0x2e09cf6d284, max_idle_ns: 440795338034 ns
Sep 28 23:32:39 ggsd kernel: [    1.339139] clocksource: Switched to clocksource tsc
Sep 28 23:32:39 ggsd kernel: [    2.317772] scsi 0:0:0:1: Direct-Access     Msft     Virtual Disk     1.0  PQ: 0 ANSI: 5
Sep 28 23:32:39 ggsd kernel: [    2.319380] sd 0:0:0:1: Attached scsi generic sg1 type 0
Sep 28 23:32:39 ggsd kernel: [    2.320764] scsi 0:0:0:2: Direct-Access     Msft     Virtual Disk     1.0  PQ: 0 ANSI: 5
Sep 28 23:32:39 ggsd kernel: [    2.321924] sd 0:0:0:1: [sdb] 4194312 512-byte logical blocks: (2.15 GB/2.00 GiB)
Sep 28 23:32:39 ggsd kernel: [    2.322373] sd 0:0:0:2: Attached scsi generic sg2 type 0
Sep 28 23:32:39 ggsd kernel: [    2.322763] sd 0:0:0:1: [sdb] 4096-byte physical blocks
Sep 28 23:32:39 ggsd kernel: [    2.324991] sd 0:0:0:2: [sdc] 2147483648 512-byte logical blocks: (1.10 TB/1.00 TiB)
Sep 28 23:32:39 ggsd kernel: [    2.326657] sd 0:0:0:1: [sdb] Write Protect is off
Sep 28 23:32:39 ggsd kernel: [    2.327198] sd 0:0:0:2: [sdc] 4096-byte physical blocks
Sep 28 23:32:39 ggsd kernel: [    2.327754] sd 0:0:0:1: [sdb] Mode Sense: 0f 00 00 00
Sep 28 23:32:39 ggsd kernel: [    2.328799] sd 0:0:0:2: [sdc] Write Protect is off
Sep 28 23:32:39 ggsd kernel: [    2.329515] sd 0:0:0:2: [sdc] Mode Sense: 0f 00 00 00
Sep 28 23:32:39 ggsd kernel: [    2.329525] sd 0:0:0:1: [sdb] Write cache: enabled, read cache: enabled, doesn't support DPO or FUA
Sep 28 23:32:39 ggsd kernel: [    2.331230] sd 0:0:0:2: [sdc] Write cache: enabled, read cache: enabled, doesn't support DPO or FUA
Sep 28 23:32:39 ggsd kernel: [    2.338056] sd 0:0:0:1: [sdb] Attached SCSI disk
Sep 28 23:32:39 ggsd kernel: [    2.338493] sd 0:0:0:2: [sdc] Attached SCSI disk
Sep 28 23:32:39 ggsd kernel: [    2.357799] EXT4-fs (sdc): mounted filesystem with ordered data mode. Opts: discard,errors=remount-ro,data=ordered. Quota mode: none.
Sep 28 23:32:39 ggsd kernel: [    2.387851] Adding 2097152k swap on /dev/sdb.  Priority:-2 extents:1 across:2097152k 
Sep 28 23:32:39 ggsd kernel: [    2.857812] 9pnet_virtio: no channels available for device drvfs
Sep 28 23:32:39 ggsd kernel: [    2.859125] hv_pci 5e509aa9-87ee-4516-8da3-93504fa22011: PCI VMBus probing: Using version 0x10004
Sep 28 23:32:39 ggsd kernel: [    2.860571] hv_pci 5e509aa9-87ee-4516-8da3-93504fa22011: PCI host bridge to bus 87ee:00
Sep 28 23:32:39 ggsd kernel: [    2.861029] pci_bus 87ee:00: root bus resource [mem 0x9ffe08000-0x9ffe0afff window]
Sep 28 23:32:39 ggsd kernel: [    2.861374] pci_bus 87ee:00: No busn resource found for root bus, will use [bus 00-ff]
Sep 28 23:32:39 ggsd kernel: [    2.862478] pci 87ee:00:00.0: [1af4:1049] type 00 class 0x010000
Sep 28 23:32:39 ggsd kernel: [    2.863657] pci 87ee:00:00.0: reg 0x10: [mem 0x9ffe08000-0x9ffe08fff 64bit]
Sep 28 23:32:39 ggsd kernel: [    2.864561] pci 87ee:00:00.0: reg 0x18: [mem 0x9ffe09000-0x9ffe09fff 64bit]
Sep 28 23:32:39 ggsd kernel: [    2.865481] pci 87ee:00:00.0: reg 0x20: [mem 0x9ffe0a000-0x9ffe0afff 64bit]
Sep 28 23:32:39 ggsd kernel: [    2.869724] pci_bus 87ee:00: busn_res: [bus 00-ff] end is updated to 00
Sep 28 23:32:39 ggsd kernel: [    2.870330] pci 87ee:00:00.0: BAR 0: assigned [mem 0x9ffe08000-0x9ffe08fff 64bit]
Sep 28 23:32:39 ggsd kernel: [    2.871255] pci 87ee:00:00.0: BAR 2: assigned [mem 0x9ffe09000-0x9ffe09fff 64bit]
Sep 28 23:32:39 ggsd kernel: [    2.871971] pci 87ee:00:00.0: BAR 4: assigned [mem 0x9ffe0a000-0x9ffe0afff 64bit]
Sep 28 23:32:39 ggsd kernel: [    2.965803] hv_pci ee171677-4240-4696-87fe-9d14567001f6: PCI VMBus probing: Using version 0x10004
Sep 28 23:32:39 ggsd kernel: [    2.970589] hv_pci ee171677-4240-4696-87fe-9d14567001f6: PCI host bridge to bus 4240:00
Sep 28 23:32:39 ggsd kernel: [    2.971307] pci_bus 4240:00: root bus resource [mem 0x9ffe0c000-0x9ffe0efff window]
Sep 28 23:32:39 ggsd kernel: [    2.971635] pci_bus 4240:00: No busn resource found for root bus, will use [bus 00-ff]
Sep 28 23:32:39 ggsd kernel: [    2.973639] pci 4240:00:00.0: [1af4:1049] type 00 class 0x010000
Sep 28 23:32:39 ggsd kernel: [    2.975640] pci 4240:00:00.0: reg 0x10: [mem 0x9ffe0c000-0x9ffe0cfff 64bit]
Sep 28 23:32:39 ggsd kernel: [    2.976731] pci 4240:00:00.0: reg 0x18: [mem 0x9ffe0d000-0x9ffe0dfff 64bit]
Sep 28 23:32:39 ggsd kernel: [    2.978033] pci 4240:00:00.0: reg 0x20: [mem 0x9ffe0e000-0x9ffe0efff 64bit]
Sep 28 23:32:39 ggsd kernel: [    2.983577] pci_bus 4240:00: busn_res: [bus 00-ff] end is updated to 00
Sep 28 23:32:39 ggsd kernel: [    2.984114] pci 4240:00:00.0: BAR 0: assigned [mem 0x9ffe0c000-0x9ffe0cfff 64bit]
Sep 28 23:32:39 ggsd kernel: [    2.985280] pci 4240:00:00.0: BAR 2: assigned [mem 0x9ffe0d000-0x9ffe0dfff 64bit]
Sep 28 23:32:39 ggsd kernel: [    2.986671] pci 4240:00:00.0: BAR 4: assigned [mem 0x9ffe0e000-0x9ffe0efff 64bit]
Sep 28 23:32:39 ggsd kernel: [    3.091946] hv_pci 0a2230fc-b596-4cb7-8eef-5a9da1ecb9b7: PCI VMBus probing: Using version 0x10004
Sep 28 23:32:39 ggsd kernel: [    3.093514] 9pnet_virtio: no channels available for device drvfs
Sep 28 23:32:39 ggsd kernel: [    3.135159] hv_pci 0a2230fc-b596-4cb7-8eef-5a9da1ecb9b7: PCI host bridge to bus b596:00
Sep 28 23:32:39 ggsd kernel: [    3.135763] pci_bus b596:00: root bus resource [mem 0xbffe10000-0xbffe12fff window]
Sep 28 23:32:39 ggsd kernel: [    3.136299] pci_bus b596:00: No busn resource found for root bus, will use [bus 00-ff]
Sep 28 23:32:39 ggsd kernel: [    3.137762] pci b596:00:00.0: [1af4:1049] type 00 class 0x010000
Sep 28 23:32:39 ggsd kernel: [    3.138930] pci b596:00:00.0: reg 0x10: [mem 0xbffe10000-0xbffe10fff 64bit]
Sep 28 23:32:39 ggsd kernel: [    3.140107] pci b596:00:00.0: reg 0x18: [mem 0xbffe11000-0xbffe11fff 64bit]
Sep 28 23:32:39 ggsd kernel: [    3.141075] pci b596:00:00.0: reg 0x20: [mem 0xbffe12000-0xbffe12fff 64bit]
Sep 28 23:32:39 ggsd kernel: [    3.145924] pci_bus b596:00: busn_res: [bus 00-ff] end is updated to 00
Sep 28 23:32:39 ggsd kernel: [    3.146653] pci b596:00:00.0: BAR 0: assigned [mem 0xbffe10000-0xbffe10fff 64bit]
Sep 28 23:32:39 ggsd kernel: [    3.148167] pci b596:00:00.0: BAR 2: assigned [mem 0xbffe11000-0xbffe11fff 64bit]
Sep 28 23:32:39 ggsd kernel: [    3.150396] pci b596:00:00.0: BAR 4: assigned [mem 0xbffe12000-0xbffe12fff 64bit]
Sep 28 23:32:39 ggsd kernel: [    3.194482] 9pnet_virtio: no channels available for device drvfs
Sep 28 23:32:39 ggsd kernel: [    3.268300] misc dxg: dxgk: dxgkio_query_adapter_info: Ioctl failed: -22
Sep 28 23:32:39 ggsd kernel: [    3.268978] misc dxg: dxgk: dxgkio_query_adapter_info: Ioctl failed: -22
Sep 28 23:32:39 ggsd kernel: [    3.269368] misc dxg: dxgk: dxgkio_query_adapter_info: Ioctl failed: -22
Sep 28 23:32:39 ggsd kernel: [    3.269935] misc dxg: dxgk: dxgkio_query_adapter_info: Ioctl failed: -2
Sep 28 23:32:39 ggsd kernel: [    3.302564] hv_pci ebfc95bd-19a7-4702-9be8-cedc5a7076b5: PCI VMBus probing: Using version 0x10004
Sep 28 23:32:39 ggsd kernel: [    3.346999] hv_pci ebfc95bd-19a7-4702-9be8-cedc5a7076b5: PCI host bridge to bus 19a7:00
Sep 28 23:32:39 ggsd kernel: [    3.347671] pci_bus 19a7:00: root bus resource [mem 0xbffe14000-0xbffe16fff window]
Sep 28 23:32:39 ggsd kernel: [    3.348295] pci_bus 19a7:00: No busn resource found for root bus, will use [bus 00-ff]
Sep 28 23:32:39 ggsd kernel: [    3.349477] pci 19a7:00:00.0: [1af4:1049] type 00 class 0x010000
Sep 28 23:32:39 ggsd kernel: [    3.350721] pci 19a7:00:00.0: reg 0x10: [mem 0xbffe14000-0xbffe14fff 64bit]
Sep 28 23:32:39 ggsd kernel: [    3.351951] pci 19a7:00:00.0: reg 0x18: [mem 0xbffe15000-0xbffe15fff 64bit]
Sep 28 23:32:39 ggsd kernel: [    3.352861] pci 19a7:00:00.0: reg 0x20: [mem 0xbffe16000-0xbffe16fff 64bit]
Sep 28 23:32:39 ggsd kernel: [    3.355869] pci_bus 19a7:00: busn_res: [bus 00-ff] end is updated to 00
Sep 28 23:32:39 ggsd kernel: [    3.356357] pci 19a7:00:00.0: BAR 0: assigned [mem 0xbffe14000-0xbffe14fff 64bit]
Sep 28 23:32:39 ggsd kernel: [    3.357198] pci 19a7:00:00.0: BAR 2: assigned [mem 0xbffe15000-0xbffe15fff 64bit]
Sep 28 23:32:39 ggsd kernel: [    3.358415] pci 19a7:00:00.0: BAR 4: assigned [mem 0xbffe16000-0xbffe16fff 64bit]
Sep 28 23:32:41 ggsd kernel: [    6.089694] br-350da7917695: port 1(vetha774583) entered blocking state
Sep 28 23:32:41 ggsd kernel: [    6.089698] br-350da7917695: port 1(vetha774583) entered disabled state
Sep 28 23:32:41 ggsd kernel: [    6.089796] device vetha774583 entered promiscuous mode
Sep 28 23:32:41 ggsd kernel: [    6.089901] br-350da7917695: port 1(vetha774583) entered blocking state
Sep 28 23:32:41 ggsd kernel: [    6.089903] br-350da7917695: port 1(vetha774583) entered forwarding state
Sep 28 23:32:41 ggsd kernel: [    6.090082] br-350da7917695: port 1(vetha774583) entered disabled state
Sep 28 23:32:42 ggsd kernel: [    6.498365] eth0: renamed from vethee791ff
Sep 28 23:32:42 ggsd kernel: [    6.597831] IPv6: ADDRCONF(NETDEV_CHANGE): vetha774583: link becomes ready
Sep 28 23:32:42 ggsd kernel: [    6.597871] br-350da7917695: port 1(vetha774583) entered blocking state
Sep 28 23:32:42 ggsd kernel: [    6.597873] br-350da7917695: port 1(vetha774583) entered forwarding state
Sep 28 23:32:42 ggsd kernel: [    6.597938] IPv6: ADDRCONF(NETDEV_CHANGE): br-350da7917695: link becomes ready
Sep 28 23:33:24 ggsd kernel: [   49.227058] hv_balloon: Max. dynamic memory size: 7778 MB
Sep 29 00:43:07 ggsd kernel: [ 4231.427845] nf_conntrack: default automatic helper assignment has been turned off for security reasons and CT-based firewall rule not found. Use the iptables CT target to attach helpers instead.
Sep 29 15:02:48 ggsd kernel: [ 5636.080010] hv_utils: TimeSync IC version 4.0
Sep 30 00:45:40 ggsd kernel: [13409.398661] hv_utils: TimeSync IC version 4.0
Sep 30 01:16:56 ggsd kernel: [15285.240045] br-350da7917695: port 1(vetha774583) entered disabled state
Sep 30 01:16:56 ggsd kernel: [15285.240771] vethee791ff: renamed from eth0
Sep 30 01:16:56 ggsd kernel: [15285.372626] br-350da7917695: port 1(vetha774583) entered disabled state
Sep 30 01:16:56 ggsd kernel: [15285.374404] device vetha774583 left promiscuous mode
Sep 30 01:16:56 ggsd kernel: [15285.374410] br-350da7917695: port 1(vetha774583) entered disabled state
Sep 30 01:16:58 ggsd kernel: [15287.366951] br-350da7917695: port 1(vethb9bf563) entered blocking state
Sep 30 01:16:58 ggsd kernel: [15287.366958] br-350da7917695: port 1(vethb9bf563) entered disabled state
Sep 30 01:16:58 ggsd kernel: [15287.368406] device vethb9bf563 entered promiscuous mode
Sep 30 01:16:58 ggsd kernel: [15287.795765] eth0: renamed from veth9789bd2
